Performing C SOURCE FILE Test CMAKE_HAVE_LIBC_PTHREAD failed with the following output:
Change Dir: /home/pknauss/sim/build/CMakeFiles/CMakeTmp

Run Build Command(s):/usr/bin/make cmTC_8aae6/fast && /usr/bin/make -f CMakeFiles/cmTC_8aae6.dir/build.make CMakeFiles/cmTC_8aae6.dir/build
make[1]: Entering directory '/home/pknauss/sim/build/CMakeFiles/CMakeTmp'
Building C object CMakeFiles/cmTC_8aae6.dir/src.c.o
/opt/software/spack/linux-x86_64_v4/gcc-12.5.0-dk35dndrqz43ry7f5raaie5d7vnk6btb/bin/gcc   -DCMAKE_HAVE_LIBC_PTHREAD   -o CMakeFiles/cmTC_8aae6.dir/src.c.o   -c /home/pknauss/sim/build/CMakeFiles/CMakeTmp/src.c
Linking C executable cmTC_8aae6
/usr/bin/cmake -E cmake_link_script CMakeFiles/cmTC_8aae6.dir/link.txt --verbose=1
/opt/software/spack/linux-x86_64_v4/gcc-12.5.0-dk35dndrqz43ry7f5raaie5d7vnk6btb/bin/gcc  -DCMAKE_HAVE_LIBC_PTHREAD    CMakeFiles/cmTC_8aae6.dir/src.c.o  -o cmTC_8aae6 
/opt/software/spack/linux-x86_64_v4/binutils-2.46.1-z2pz32aywqadwj4swhh4sz6tudisvntl/bin/ld: CMakeFiles/cmTC_8aae6.dir/src.c.o: in function `main':
src.c:(.text+0x2d): undefined reference to `pthread_create'
/opt/software/spack/linux-x86_64_v4/binutils-2.46.1-z2pz32aywqadwj4swhh4sz6tudisvntl/bin/ld: src.c:(.text+0x39): undefined reference to `pthread_detach'
/opt/software/spack/linux-x86_64_v4/binutils-2.46.1-z2pz32aywqadwj4swhh4sz6tudisvntl/bin/ld: src.c:(.text+0x4a): undefined reference to `pthread_join'
collect2: error: ld returned 1 exit status
make[1]: *** [CMakeFiles/cmTC_8aae6.dir/build.make:87: cmTC_8aae6] Error 1
make[1]: Leaving directory '/home/pknauss/sim/build/CMakeFiles/CMakeTmp'
make: *** [Makefile:121: cmTC_8aae6/fast] Error 2


Source file was:
#include <pthread.h>

void* test_func(void* data)
{
  return data;
}

int main(void)
{
  pthread_t thread;
  pthread_create(&thread, NULL, test_func, NULL);
  pthread_detach(thread);
  pthread_join(thread, NULL);
  pthread_atfork(NULL, NULL, NULL);
  pthread_exit(NULL);

  return 0;
}

