The system is: Linux - 5.15.0-139-generic - x86_64
Compiling the C compiler identification source file "CMakeCCompilerId.c" succeeded.
Compiler: /opt/software/spack/linux-x86_64_v4/gcc-12.5.0-dk35dndrqz43ry7f5raaie5d7vnk6btb/bin/gcc 
Build flags: 
Id flags:  

The output was:
0


Compilation of the C compiler identification source "CMakeCCompilerId.c" produced "a.out"

The C compiler identification is GNU, found in "/home/pknauss/sim/build/CMakeFiles/3.16.3/CompilerIdC/a.out"

Compiling the CXX compiler identification source file "CMakeCXXCompilerId.cpp" succeeded.
Compiler: /opt/software/spack/linux-x86_64_v4/gcc-12.5.0-dk35dndrqz43ry7f5raaie5d7vnk6btb/bin/g++ 
Build flags: 
Id flags:  

The output was:
0


Compilation of the CXX compiler identification source "CMakeCXXCompilerId.cpp" produced "a.out"

The CXX compiler identification is GNU, found in "/home/pknauss/sim/build/CMakeFiles/3.16.3/CompilerIdCXX/a.out"

Determining if the C compiler works passed with the following output:
Change Dir: /home/pknauss/sim/build/CMakeFiles/CMakeTmp

Run Build Command(s):/usr/bin/make cmTC_4cb39/fast && /usr/bin/make -f CMakeFiles/cmTC_4cb39.dir/build.make CMakeFiles/cmTC_4cb39.dir/build
make[1]: Entering directory '/home/pknauss/sim/build/CMakeFiles/CMakeTmp'
Building C object CMakeFiles/cmTC_4cb39.dir/testCCompiler.c.o
/opt/software/spack/linux-x86_64_v4/gcc-12.5.0-dk35dndrqz43ry7f5raaie5d7vnk6btb/bin/gcc    -o CMakeFiles/cmTC_4cb39.dir/testCCompiler.c.o   -c /home/pknauss/sim/build/CMakeFiles/CMakeTmp/testCCompiler.c
Linking C executable cmTC_4cb39
/usr/bin/cmake -E cmake_link_script CMakeFiles/cmTC_4cb39.dir/link.txt --verbose=1
/opt/software/spack/linux-x86_64_v4/gcc-12.5.0-dk35dndrqz43ry7f5raaie5d7vnk6btb/bin/gcc      CMakeFiles/cmTC_4cb39.dir/testCCompiler.c.o  -o cmTC_4cb39 
make[1]: Leaving directory '/home/pknauss/sim/build/CMakeFiles/CMakeTmp'



Detecting C compiler ABI info compiled with the following output:
Change Dir: /home/pknauss/sim/build/CMakeFiles/CMakeTmp

Run Build Command(s):/usr/bin/make cmTC_abe3e/fast && /usr/bin/make -f CMakeFiles/cmTC_abe3e.dir/build.make CMakeFiles/cmTC_abe3e.dir/build
make[1]: Entering directory '/home/pknauss/sim/build/CMakeFiles/CMakeTmp'
Building C object CMakeFiles/cmTC_abe3e.dir/CMakeCCompilerABI.c.o
/opt/software/spack/linux-x86_64_v4/gcc-12.5.0-dk35dndrqz43ry7f5raaie5d7vnk6btb/bin/gcc   -v -o CMakeFiles/cmTC_abe3e.dir/CMakeCCompilerABI.c.o   -c /usr/share/cmake-3.16/Modules/CMakeCCompilerABI.c
Reading specs from /opt/software/spack/linux-x86_64_v4/gcc-12.5.0-dk35dndrqz43ry7f5raaie5d7vnk6btb/lib/gcc/x86_64-pc-linux-gnu/12.5.0/specs
COLLECT_GCC=/opt/software/spack/linux-x86_64_v4/gcc-12.5.0-dk35dndrqz43ry7f5raaie5d7vnk6btb/bin/gcc
Target: x86_64-pc-linux-gnu
Configured with: /var/cache/spack/stage/spack-stage-gcc-12.5.0-dk35dndrqz43ry7f5raaie5d7vnk6btb/spack-src/configure --prefix=/opt/software/spack/linux-x86_64_v4/gcc-12.5.0-dk35dndrqz43ry7f5raaie5d7vnk6btb --with-pkgversion='Spack GCC' --with-bugurl=https://github.com/spack/spack/issues --disable-multilib --enable-languages=c,c++,fortran --disable-nls --disable-canonical-system-headers --with-system-zlib --with-zstd-include=/opt/software/spack/linux-x86_64_v4/zstd-1.5.7-uahfphjda3kzph6rnz2da2o2wp7tt65n/include --with-zstd-lib=/opt/software/spack/linux-x86_64_v4/zstd-1.5.7-uahfphjda3kzph6rnz2da2o2wp7tt65n/lib --enable-bootstrap --enable-libsanitizer --with-mpfr-include=/opt/software/spack/linux-x86_64_v4/mpfr-4.2.2-mw3egnf5uiwmzxk4acwqfwgkm3o6azhn/include --with-mpfr-lib=/opt/software/spack/linux-x86_64_v4/mpfr-4.2.2-mw3egnf5uiwmzxk4acwqfwgkm3o6azhn/lib --with-gmp-include=/opt/software/spack/linux-x86_64_v4/gmp-6.3.0-osndzqfdgs7km4wvdq4vyvab763vpx3s/include --with-gmp-lib=/opt/software/spack/linux-x86_64_v4/gmp-6.3.0-osndzqfdgs7km4wvdq4vyvab763vpx3s/lib --with-mpc-include=/opt/software/spack/linux-x86_64_v4/mpc-1.4.1-j76envoqumdhhvhzmqjydwzud4cduau2/include --with-mpc-lib=/opt/software/spack/linux-x86_64_v4/mpc-1.4.1-j76envoqumdhhvhzmqjydwzud4cduau2/lib --without-isl --with-stage1-ldflags='-Wl,-rpath,/opt/software/spack/linux-x86_64_v4/gcc-12.5.0-dk35dndrqz43ry7f5raaie5d7vnk6btb/lib -Wl,-rpath,/opt/software/spack/linux-x86_64_v4/gcc-12.5.0-dk35dndrqz43ry7f5raaie5d7vnk6btb/lib64 -Wl,-rpath,/opt/software/spack/linux-x86_64_v4/binutils-2.46.1-z2pz32aywqadwj4swhh4sz6tudisvntl/lib -Wl,-rpath,/opt/software/spack/linux-x86_64_v4/gcc-runtime-9.4.0-yysqboyplcsesgkldhkp4snwcjxtwfvy/lib -Wl,-rpath,/usr/lib -Wl,-rpath,/opt/software/spack/linux-x86_64_v4/gmp-6.3.0-osndzqfdgs7km4wvdq4vyvab763vpx3s/lib -Wl,-rpath,/opt/software/spack/linux-x86_64_v4/mpc-1.4.1-j76envoqumdhhvhzmqjydwzud4cduau2/lib -Wl,-rpath,/opt/software/spack/linux-x86_64_v4/mpfr-4.2.2-mw3egnf5uiwmzxk4acwqfwgkm3o6azhn/lib -Wl,-rpath,/opt/software/spack/linux-x86_64_v4/zlib-ng-2.3.3-jyh45gkahyi6cnaqhhro7yah2aidtalo/lib -Wl,-rpath,/opt/software/spack/linux-x86_64_v4/zstd-1.5.7-uahfphjda3kzph6rnz2da2o2wp7tt65n/lib -Wl,-rpath,/usr/lib64' --with-boot-ldflags='-Wl,-rpath,/opt/software/spack/linux-x86_64_v4/gcc-12.5.0-dk35dndrqz43ry7f5raaie5d7vnk6btb/lib -Wl,-rpath,/opt/software/spack/linux-x86_64_v4/gcc-12.5.0-dk35dndrqz43ry7f5raaie5d7vnk6btb/lib64 -Wl,-rpath,/opt/software/spack/linux-x86_64_v4/binutils-2.46.1-z2pz32aywqadwj4swhh4sz6tudisvntl/lib -Wl,-rpath,/opt/software/spack/linux-x86_64_v4/gcc-runtime-9.4.0-yysqboyplcsesgkldhkp4snwcjxtwfvy/lib -Wl,-rpath,/usr/lib -Wl,-rpath,/opt/software/spack/linux-x86_64_v4/gmp-6.3.0-osndzqfdgs7km4wvdq4vyvab763vpx3s/lib -Wl,-rpath,/opt/software/spack/linux-x86_64_v4/mpc-1.4.1-j76envoqumdhhvhzmqjydwzud4cduau2/lib -Wl,-rpath,/opt/software/spack/linux-x86_64_v4/mpfr-4.2.2-mw3egnf5uiwmzxk4acwqfwgkm3o6azhn/lib -Wl,-rpath,/opt/software/spack/linux-x86_64_v4/zlib-ng-2.3.3-jyh45gkahyi6cnaqhhro7yah2aidtalo/lib -Wl,-rpath,/opt/software/spack/linux-x86_64_v4/zstd-1.5.7-uahfphjda3kzph6rnz2da2o2wp7tt65n/lib -Wl,-rpath,/usr/lib64 -static-libstdc++ -static-libgcc' --with-build-config=spack
Thread model: posix
Supported LTO compression algorithms: zlib zstd
gcc version 12.5.0 (Spack GCC) 
COLLECT_GCC_OPTIONS='-v' '-o' 'CMakeFiles/cmTC_abe3e.dir/CMakeCCompilerABI.c.o' '-c' '-mtune=generic' '-march=x86-64' '-B' '/opt/software/spack/linux-x86_64_v4/binutils-2.46.1-z2pz32aywqadwj4swhh4sz6tudisvntl/bin' '-dumpdir' 'CMakeFiles/cmTC_abe3e.dir/'
 /opt/software/spack/linux-x86_64_v4/gcc-12.5.0-dk35dndrqz43ry7f5raaie5d7vnk6btb/libexec/gcc/x86_64-pc-linux-gnu/12.5.0/cc1 -quiet -v -imultiarch x86_64-linux-gnu /usr/share/cmake-3.16/Modules/CMakeCCompilerABI.c -quiet -dumpdir CMakeFiles/cmTC_abe3e.dir/ -dumpbase CMakeCCompilerABI.c.c -dumpbase-ext .c -mtune=generic -march=x86-64 -version -o /tmp/cc4EJTRU.s
GNU C17 (Spack GCC) version 12.5.0 (x86_64-pc-linux-gnu)
	compiled by GNU C version 12.5.0, GMP version 6.3.0, MPFR version 4.2.2, MPC version 1.4.1, isl version none
GGC heuristics: --param ggc-min-expand=100 --param ggc-min-heapsize=131072
ignoring nonexistent directory "/usr/local/include/x86_64-linux-gnu"
ignoring nonexistent directory "/opt/software/spack/linux-x86_64_v4/gcc-12.5.0-dk35dndrqz43ry7f5raaie5d7vnk6btb/lib/gcc/x86_64-pc-linux-gnu/12.5.0/../../../../x86_64-pc-linux-gnu/include"
#include "..." search starts here:
#include <...> search starts here:
 /opt/software/spack/linux-x86_64_v4/gcc-12.5.0-dk35dndrqz43ry7f5raaie5d7vnk6btb/lib/gcc/x86_64-pc-linux-gnu/12.5.0/include
 /usr/local/include
 /opt/software/spack/linux-x86_64_v4/gcc-12.5.0-dk35dndrqz43ry7f5raaie5d7vnk6btb/include
 /opt/software/spack/linux-x86_64_v4/gcc-12.5.0-dk35dndrqz43ry7f5raaie5d7vnk6btb/lib/gcc/x86_64-pc-linux-gnu/12.5.0/include-fixed
 /usr/include/x86_64-linux-gnu
 /usr/include
End of search list.
GNU C17 (Spack GCC) version 12.5.0 (x86_64-pc-linux-gnu)
	compiled by GNU C version 12.5.0, GMP version 6.3.0, MPFR version 4.2.2, MPC version 1.4.1, isl version none
GGC heuristics: --param ggc-min-expand=100 --param ggc-min-heapsize=131072
Compiler executable checksum: 8877d2e61ef8ac7b014bbd2799deccca
COLLECT_GCC_OPTIONS='-v' '-o' 'CMakeFiles/cmTC_abe3e.dir/CMakeCCompilerABI.c.o' '-c' '-mtune=generic' '-march=x86-64' '-B' '/opt/software/spack/linux-x86_64_v4/binutils-2.46.1-z2pz32aywqadwj4swhh4sz6tudisvntl/bin' '-dumpdir' 'CMakeFiles/cmTC_abe3e.dir/'
 /opt/software/spack/linux-x86_64_v4/binutils-2.46.1-z2pz32aywqadwj4swhh4sz6tudisvntl/bin/as -v --64 -o CMakeFiles/cmTC_abe3e.dir/CMakeCCompilerABI.c.o /tmp/cc4EJTRU.s
GNU assembler version 2.46.1 (x86_64-pc-linux-gnu) using BFD version (GNU Binutils) 2.46.1
COMPILER_PATH=/opt/software/spack/linux-x86_64_v4/binutils-2.46.1-z2pz32aywqadwj4swhh4sz6tudisvntl/bin/:/opt/software/spack/linux-x86_64_v4/gcc-12.5.0-dk35dndrqz43ry7f5raaie5d7vnk6btb/libexec/gcc/x86_64-pc-linux-gnu/12.5.0/:/opt/software/spack/linux-x86_64_v4/gcc-12.5.0-dk35dndrqz43ry7f5raaie5d7vnk6btb/libexec/gcc/x86_64-pc-linux-gnu/12.5.0/:/opt/software/spack/linux-x86_64_v4/gcc-12.5.0-dk35dndrqz43ry7f5raaie5d7vnk6btb/libexec/gcc/x86_64-pc-linux-gnu/:/opt/software/spack/linux-x86_64_v4/gcc-12.5.0-dk35dndrqz43ry7f5raaie5d7vnk6btb/lib/gcc/x86_64-pc-linux-gnu/12.5.0/:/opt/software/spack/linux-x86_64_v4/gcc-12.5.0-dk35dndrqz43ry7f5raaie5d7vnk6btb/lib/gcc/x86_64-pc-linux-gnu/
LIBRARY_PATH=/opt/software/spack/linux-x86_64_v4/binutils-2.46.1-z2pz32aywqadwj4swhh4sz6tudisvntl/bin/:/opt/software/spack/linux-x86_64_v4/gcc-12.5.0-dk35dndrqz43ry7f5raaie5d7vnk6btb/lib/gcc/x86_64-pc-linux-gnu/12.5.0/:/opt/software/spack/linux-x86_64_v4/gcc-12.5.0-dk35dndrqz43ry7f5raaie5d7vnk6btb/lib/gcc/x86_64-pc-linux-gnu/12.5.0/../../../../lib64/:/lib/x86_64-linux-gnu/:/lib/../lib64/:/usr/lib/x86_64-linux-gnu/:/usr/lib/../lib64/:/opt/software/spack/linux-x86_64_v4/gcc-12.5.0-dk35dndrqz43ry7f5raaie5d7vnk6btb/lib/gcc/x86_64-pc-linux-gnu/12.5.0/../../../:/lib/:/usr/lib/
COLLECT_GCC_OPTIONS='-v' '-o' 'CMakeFiles/cmTC_abe3e.dir/CMakeCCompilerABI.c.o' '-c' '-mtune=generic' '-march=x86-64' '-B' '/opt/software/spack/linux-x86_64_v4/binutils-2.46.1-z2pz32aywqadwj4swhh4sz6tudisvntl/bin' '-dumpdir' 'CMakeFiles/cmTC_abe3e.dir/CMakeCCompilerABI.c.'
Linking C executable cmTC_abe3e
/usr/bin/cmake -E cmake_link_script CMakeFiles/cmTC_abe3e.dir/link.txt --verbose=1
/opt/software/spack/linux-x86_64_v4/gcc-12.5.0-dk35dndrqz43ry7f5raaie5d7vnk6btb/bin/gcc     -v CMakeFiles/cmTC_abe3e.dir/CMakeCCompilerABI.c.o  -o cmTC_abe3e 
Reading specs from /opt/software/spack/linux-x86_64_v4/gcc-12.5.0-dk35dndrqz43ry7f5raaie5d7vnk6btb/lib/gcc/x86_64-pc-linux-gnu/12.5.0/specs
COLLECT_GCC=/opt/software/spack/linux-x86_64_v4/gcc-12.5.0-dk35dndrqz43ry7f5raaie5d7vnk6btb/bin/gcc
COLLECT_LTO_WRAPPER=/opt/software/spack/linux-x86_64_v4/gcc-12.5.0-dk35dndrqz43ry7f5raaie5d7vnk6btb/libexec/gcc/x86_64-pc-linux-gnu/12.5.0/lto-wrapper
Target: x86_64-pc-linux-gnu
Configured with: /var/cache/spack/stage/spack-stage-gcc-12.5.0-dk35dndrqz43ry7f5raaie5d7vnk6btb/spack-src/configure --prefix=/opt/software/spack/linux-x86_64_v4/gcc-12.5.0-dk35dndrqz43ry7f5raaie5d7vnk6btb --with-pkgversion='Spack GCC' --with-bugurl=https://github.com/spack/spack/issues --disable-multilib --enable-languages=c,c++,fortran --disable-nls --disable-canonical-system-headers --with-system-zlib --with-zstd-include=/opt/software/spack/linux-x86_64_v4/zstd-1.5.7-uahfphjda3kzph6rnz2da2o2wp7tt65n/include --with-zstd-lib=/opt/software/spack/linux-x86_64_v4/zstd-1.5.7-uahfphjda3kzph6rnz2da2o2wp7tt65n/lib --enable-bootstrap --enable-libsanitizer --with-mpfr-include=/opt/software/spack/linux-x86_64_v4/mpfr-4.2.2-mw3egnf5uiwmzxk4acwqfwgkm3o6azhn/include --with-mpfr-lib=/opt/software/spack/linux-x86_64_v4/mpfr-4.2.2-mw3egnf5uiwmzxk4acwqfwgkm3o6azhn/lib --with-gmp-include=/opt/software/spack/linux-x86_64_v4/gmp-6.3.0-osndzqfdgs7km4wvdq4vyvab763vpx3s/include --with-gmp-lib=/opt/software/spack/linux-x86_64_v4/gmp-6.3.0-osndzqfdgs7km4wvdq4vyvab763vpx3s/lib --with-mpc-include=/opt/software/spack/linux-x86_64_v4/mpc-1.4.1-j76envoqumdhhvhzmqjydwzud4cduau2/include --with-mpc-lib=/opt/software/spack/linux-x86_64_v4/mpc-1.4.1-j76envoqumdhhvhzmqjydwzud4cduau2/lib --without-isl --with-stage1-ldflags='-Wl,-rpath,/opt/software/spack/linux-x86_64_v4/gcc-12.5.0-dk35dndrqz43ry7f5raaie5d7vnk6btb/lib -Wl,-rpath,/opt/software/spack/linux-x86_64_v4/gcc-12.5.0-dk35dndrqz43ry7f5raaie5d7vnk6btb/lib64 -Wl,-rpath,/opt/software/spack/linux-x86_64_v4/binutils-2.46.1-z2pz32aywqadwj4swhh4sz6tudisvntl/lib -Wl,-rpath,/opt/software/spack/linux-x86_64_v4/gcc-runtime-9.4.0-yysqboyplcsesgkldhkp4snwcjxtwfvy/lib -Wl,-rpath,/usr/lib -Wl,-rpath,/opt/software/spack/linux-x86_64_v4/gmp-6.3.0-osndzqfdgs7km4wvdq4vyvab763vpx3s/lib -Wl,-rpath,/opt/software/spack/linux-x86_64_v4/mpc-1.4.1-j76envoqumdhhvhzmqjydwzud4cduau2/lib -Wl,-rpath,/opt/software/spack/linux-x86_64_v4/mpfr-4.2.2-mw3egnf5uiwmzxk4acwqfwgkm3o6azhn/lib -Wl,-rpath,/opt/software/spack/linux-x86_64_v4/zlib-ng-2.3.3-jyh45gkahyi6cnaqhhro7yah2aidtalo/lib -Wl,-rpath,/opt/software/spack/linux-x86_64_v4/zstd-1.5.7-uahfphjda3kzph6rnz2da2o2wp7tt65n/lib -Wl,-rpath,/usr/lib64' --with-boot-ldflags='-Wl,-rpath,/opt/software/spack/linux-x86_64_v4/gcc-12.5.0-dk35dndrqz43ry7f5raaie5d7vnk6btb/lib -Wl,-rpath,/opt/software/spack/linux-x86_64_v4/gcc-12.5.0-dk35dndrqz43ry7f5raaie5d7vnk6btb/lib64 -Wl,-rpath,/opt/software/spack/linux-x86_64_v4/binutils-2.46.1-z2pz32aywqadwj4swhh4sz6tudisvntl/lib -Wl,-rpath,/opt/software/spack/linux-x86_64_v4/gcc-runtime-9.4.0-yysqboyplcsesgkldhkp4snwcjxtwfvy/lib -Wl,-rpath,/usr/lib -Wl,-rpath,/opt/software/spack/linux-x86_64_v4/gmp-6.3.0-osndzqfdgs7km4wvdq4vyvab763vpx3s/lib -Wl,-rpath,/opt/software/spack/linux-x86_64_v4/mpc-1.4.1-j76envoqumdhhvhzmqjydwzud4cduau2/lib -Wl,-rpath,/opt/software/spack/linux-x86_64_v4/mpfr-4.2.2-mw3egnf5uiwmzxk4acwqfwgkm3o6azhn/lib -Wl,-rpath,/opt/software/spack/linux-x86_64_v4/zlib-ng-2.3.3-jyh45gkahyi6cnaqhhro7yah2aidtalo/lib -Wl,-rpath,/opt/software/spack/linux-x86_64_v4/zstd-1.5.7-uahfphjda3kzph6rnz2da2o2wp7tt65n/lib -Wl,-rpath,/usr/lib64 -static-libstdc++ -static-libgcc' --with-build-config=spack
Thread model: posix
Supported LTO compression algorithms: zlib zstd
gcc version 12.5.0 (Spack GCC) 
COMPILER_PATH=/opt/software/spack/linux-x86_64_v4/binutils-2.46.1-z2pz32aywqadwj4swhh4sz6tudisvntl/bin/:/opt/software/spack/linux-x86_64_v4/gcc-12.5.0-dk35dndrqz43ry7f5raaie5d7vnk6btb/libexec/gcc/x86_64-pc-linux-gnu/12.5.0/:/opt/software/spack/linux-x86_64_v4/gcc-12.5.0-dk35dndrqz43ry7f5raaie5d7vnk6btb/libexec/gcc/x86_64-pc-linux-gnu/12.5.0/:/opt/software/spack/linux-x86_64_v4/gcc-12.5.0-dk35dndrqz43ry7f5raaie5d7vnk6btb/libexec/gcc/x86_64-pc-linux-gnu/:/opt/software/spack/linux-x86_64_v4/gcc-12.5.0-dk35dndrqz43ry7f5raaie5d7vnk6btb/lib/gcc/x86_64-pc-linux-gnu/12.5.0/:/opt/software/spack/linux-x86_64_v4/gcc-12.5.0-dk35dndrqz43ry7f5raaie5d7vnk6btb/lib/gcc/x86_64-pc-linux-gnu/
LIBRARY_PATH=/opt/software/spack/linux-x86_64_v4/binutils-2.46.1-z2pz32aywqadwj4swhh4sz6tudisvntl/bin/:/opt/software/spack/linux-x86_64_v4/gcc-12.5.0-dk35dndrqz43ry7f5raaie5d7vnk6btb/lib/gcc/x86_64-pc-linux-gnu/12.5.0/:/opt/software/spack/linux-x86_64_v4/gcc-12.5.0-dk35dndrqz43ry7f5raaie5d7vnk6btb/lib/gcc/x86_64-pc-linux-gnu/12.5.0/../../../../lib64/:/lib/x86_64-linux-gnu/:/lib/../lib64/:/usr/lib/x86_64-linux-gnu/:/usr/lib/../lib64/:/opt/software/spack/linux-x86_64_v4/gcc-12.5.0-dk35dndrqz43ry7f5raaie5d7vnk6btb/lib/gcc/x86_64-pc-linux-gnu/12.5.0/../../../:/lib/:/usr/lib/
COLLECT_GCC_OPTIONS='-v' '-o' 'cmTC_abe3e' '-mtune=generic' '-march=x86-64' '-B' '/opt/software/spack/linux-x86_64_v4/binutils-2.46.1-z2pz32aywqadwj4swhh4sz6tudisvntl/bin' '-dumpdir' 'cmTC_abe3e.'
 /opt/software/spack/linux-x86_64_v4/gcc-12.5.0-dk35dndrqz43ry7f5raaie5d7vnk6btb/libexec/gcc/x86_64-pc-linux-gnu/12.5.0/collect2 -plugin /opt/software/spack/linux-x86_64_v4/gcc-12.5.0-dk35dndrqz43ry7f5raaie5d7vnk6btb/libexec/gcc/x86_64-pc-linux-gnu/12.5.0/liblto_plugin.so -plugin-opt=/opt/software/spack/linux-x86_64_v4/gcc-12.5.0-dk35dndrqz43ry7f5raaie5d7vnk6btb/libexec/gcc/x86_64-pc-linux-gnu/12.5.0/lto-wrapper -plugin-opt=-fresolution=/tmp/cc3uCXeq.res -plugin-opt=-pass-through=-lgcc -plugin-opt=-pass-through=-lgcc_s -plugin-opt=-pass-through=-lc -plugin-opt=-pass-through=-lgcc -plugin-opt=-pass-through=-lgcc_s --eh-frame-hdr -m elf_x86_64 -dynamic-linker /lib64/ld-linux-x86-64.so.2 -o cmTC_abe3e /lib/x86_64-linux-gnu/crt1.o /lib/x86_64-linux-gnu/crti.o /opt/software/spack/linux-x86_64_v4/gcc-12.5.0-dk35dndrqz43ry7f5raaie5d7vnk6btb/lib/gcc/x86_64-pc-linux-gnu/12.5.0/crtbegin.o -L/opt/software/spack/linux-x86_64_v4/binutils-2.46.1-z2pz32aywqadwj4swhh4sz6tudisvntl/bin -L/opt/software/spack/linux-x86_64_v4/gcc-12.5.0-dk35dndrqz43ry7f5raaie5d7vnk6btb/lib/gcc/x86_64-pc-linux-gnu/12.5.0 -L/opt/software/spack/linux-x86_64_v4/gcc-12.5.0-dk35dndrqz43ry7f5raaie5d7vnk6btb/lib/gcc/x86_64-pc-linux-gnu/12.5.0/../../../../lib64 -L/lib/x86_64-linux-gnu -L/lib/../lib64 -L/usr/lib/x86_64-linux-gnu -L/usr/lib/../lib64 -L/opt/software/spack/linux-x86_64_v4/gcc-12.5.0-dk35dndrqz43ry7f5raaie5d7vnk6btb/lib/gcc/x86_64-pc-linux-gnu/12.5.0/../../.. -rpath /opt/software/spack/linux-x86_64_v4/gcc-12.5.0-dk35dndrqz43ry7f5raaie5d7vnk6btb/lib64 CMakeFiles/cmTC_abe3e.dir/CMakeCCompilerABI.c.o -lgcc --push-state --as-needed -lgcc_s --pop-state -lc -lgcc --push-state --as-needed -lgcc_s --pop-state /opt/software/spack/linux-x86_64_v4/gcc-12.5.0-dk35dndrqz43ry7f5raaie5d7vnk6btb/lib/gcc/x86_64-pc-linux-gnu/12.5.0/crtend.o /lib/x86_64-linux-gnu/crtn.o
COLLECT_GCC_OPTIONS='-v' '-o' 'cmTC_abe3e' '-mtune=generic' '-march=x86-64' '-B' '/opt/software/spack/linux-x86_64_v4/binutils-2.46.1-z2pz32aywqadwj4swhh4sz6tudisvntl/bin' '-dumpdir' 'cmTC_abe3e.'
make[1]: Leaving directory '/home/pknauss/sim/build/CMakeFiles/CMakeTmp'



Parsed C implicit include dir info from above output: rv=done
  found start of include info
  found start of implicit include info
    add: [/opt/software/spack/linux-x86_64_v4/gcc-12.5.0-dk35dndrqz43ry7f5raaie5d7vnk6btb/lib/gcc/x86_64-pc-linux-gnu/12.5.0/include]
    add: [/usr/local/include]
    add: [/opt/software/spack/linux-x86_64_v4/gcc-12.5.0-dk35dndrqz43ry7f5raaie5d7vnk6btb/include]
    add: [/opt/software/spack/linux-x86_64_v4/gcc-12.5.0-dk35dndrqz43ry7f5raaie5d7vnk6btb/lib/gcc/x86_64-pc-linux-gnu/12.5.0/include-fixed]
    add: [/usr/include/x86_64-linux-gnu]
    add: [/usr/include]
  end of search list found
  collapse include dir [/opt/software/spack/linux-x86_64_v4/gcc-12.5.0-dk35dndrqz43ry7f5raaie5d7vnk6btb/lib/gcc/x86_64-pc-linux-gnu/12.5.0/include] ==> [/opt/software/spack/linux-x86_64_v4/gcc-12.5.0-dk35dndrqz43ry7f5raaie5d7vnk6btb/lib/gcc/x86_64-pc-linux-gnu/12.5.0/include]
  collapse include dir [/usr/local/include] ==> [/usr/local/include]
  collapse include dir [/opt/software/spack/linux-x86_64_v4/gcc-12.5.0-dk35dndrqz43ry7f5raaie5d7vnk6btb/include] ==> [/opt/software/spack/linux-x86_64_v4/gcc-12.5.0-dk35dndrqz43ry7f5raaie5d7vnk6btb/include]
  collapse include dir [/opt/software/spack/linux-x86_64_v4/gcc-12.5.0-dk35dndrqz43ry7f5raaie5d7vnk6btb/lib/gcc/x86_64-pc-linux-gnu/12.5.0/include-fixed] ==> [/opt/software/spack/linux-x86_64_v4/gcc-12.5.0-dk35dndrqz43ry7f5raaie5d7vnk6btb/lib/gcc/x86_64-pc-linux-gnu/12.5.0/include-fixed]
  collapse include dir [/usr/include/x86_64-linux-gnu] ==> [/usr/include/x86_64-linux-gnu]
  collapse include dir [/usr/include] ==> [/usr/include]
  implicit include dirs: [/opt/software/spack/linux-x86_64_v4/gcc-12.5.0-dk35dndrqz43ry7f5raaie5d7vnk6btb/lib/gcc/x86_64-pc-linux-gnu/12.5.0/include;/usr/local/include;/opt/software/spack/linux-x86_64_v4/gcc-12.5.0-dk35dndrqz43ry7f5raaie5d7vnk6btb/include;/opt/software/spack/linux-x86_64_v4/gcc-12.5.0-dk35dndrqz43ry7f5raaie5d7vnk6btb/lib/gcc/x86_64-pc-linux-gnu/12.5.0/include-fixed;/usr/include/x86_64-linux-gnu;/usr/include]


Parsed C implicit link information from above output:
  link line regex: [^( *|.*[/\])(ld|CMAKE_LINK_STARTFILE-NOTFOUND|([^/\]+-)?ld|collect2)[^/\]*( |$)]
  ignore line: [Change Dir: /home/pknauss/sim/build/CMakeFiles/CMakeTmp]
  ignore line: []
  ignore line: [Run Build Command(s):/usr/bin/make cmTC_abe3e/fast && /usr/bin/make -f CMakeFiles/cmTC_abe3e.dir/build.make CMakeFiles/cmTC_abe3e.dir/build]
  ignore line: [make[1]: Entering directory '/home/pknauss/sim/build/CMakeFiles/CMakeTmp']
  ignore line: [Building C object CMakeFiles/cmTC_abe3e.dir/CMakeCCompilerABI.c.o]
  ignore line: [/opt/software/spack/linux-x86_64_v4/gcc-12.5.0-dk35dndrqz43ry7f5raaie5d7vnk6btb/bin/gcc   -v -o CMakeFiles/cmTC_abe3e.dir/CMakeCCompilerABI.c.o   -c /usr/share/cmake-3.16/Modules/CMakeCCompilerABI.c]
  ignore line: [Reading specs from /opt/software/spack/linux-x86_64_v4/gcc-12.5.0-dk35dndrqz43ry7f5raaie5d7vnk6btb/lib/gcc/x86_64-pc-linux-gnu/12.5.0/specs]
  ignore line: [COLLECT_GCC=/opt/software/spack/linux-x86_64_v4/gcc-12.5.0-dk35dndrqz43ry7f5raaie5d7vnk6btb/bin/gcc]
  ignore line: [Target: x86_64-pc-linux-gnu]
  ignore line: [Configured with: /var/cache/spack/stage/spack-stage-gcc-12.5.0-dk35dndrqz43ry7f5raaie5d7vnk6btb/spack-src/configure --prefix=/opt/software/spack/linux-x86_64_v4/gcc-12.5.0-dk35dndrqz43ry7f5raaie5d7vnk6btb --with-pkgversion='Spack GCC' --with-bugurl=https://github.com/spack/spack/issues --disable-multilib --enable-languages=c c++ fortran --disable-nls --disable-canonical-system-headers --with-system-zlib --with-zstd-include=/opt/software/spack/linux-x86_64_v4/zstd-1.5.7-uahfphjda3kzph6rnz2da2o2wp7tt65n/include --with-zstd-lib=/opt/software/spack/linux-x86_64_v4/zstd-1.5.7-uahfphjda3kzph6rnz2da2o2wp7tt65n/lib --enable-bootstrap --enable-libsanitizer --with-mpfr-include=/opt/software/spack/linux-x86_64_v4/mpfr-4.2.2-mw3egnf5uiwmzxk4acwqfwgkm3o6azhn/include --with-mpfr-lib=/opt/software/spack/linux-x86_64_v4/mpfr-4.2.2-mw3egnf5uiwmzxk4acwqfwgkm3o6azhn/lib --with-gmp-include=/opt/software/spack/linux-x86_64_v4/gmp-6.3.0-osndzqfdgs7km4wvdq4vyvab763vpx3s/include --with-gmp-lib=/opt/software/spack/linux-x86_64_v4/gmp-6.3.0-osndzqfdgs7km4wvdq4vyvab763vpx3s/lib --with-mpc-include=/opt/software/spack/linux-x86_64_v4/mpc-1.4.1-j76envoqumdhhvhzmqjydwzud4cduau2/include --with-mpc-lib=/opt/software/spack/linux-x86_64_v4/mpc-1.4.1-j76envoqumdhhvhzmqjydwzud4cduau2/lib --without-isl --with-stage1-ldflags='-Wl -rpath /opt/software/spack/linux-x86_64_v4/gcc-12.5.0-dk35dndrqz43ry7f5raaie5d7vnk6btb/lib -Wl -rpath /opt/software/spack/linux-x86_64_v4/gcc-12.5.0-dk35dndrqz43ry7f5raaie5d7vnk6btb/lib64 -Wl -rpath /opt/software/spack/linux-x86_64_v4/binutils-2.46.1-z2pz32aywqadwj4swhh4sz6tudisvntl/lib -Wl -rpath /opt/software/spack/linux-x86_64_v4/gcc-runtime-9.4.0-yysqboyplcsesgkldhkp4snwcjxtwfvy/lib -Wl -rpath /usr/lib -Wl -rpath /opt/software/spack/linux-x86_64_v4/gmp-6.3.0-osndzqfdgs7km4wvdq4vyvab763vpx3s/lib -Wl -rpath /opt/software/spack/linux-x86_64_v4/mpc-1.4.1-j76envoqumdhhvhzmqjydwzud4cduau2/lib -Wl -rpath /opt/software/spack/linux-x86_64_v4/mpfr-4.2.2-mw3egnf5uiwmzxk4acwqfwgkm3o6azhn/lib -Wl -rpath /opt/software/spack/linux-x86_64_v4/zlib-ng-2.3.3-jyh45gkahyi6cnaqhhro7yah2aidtalo/lib -Wl -rpath /opt/software/spack/linux-x86_64_v4/zstd-1.5.7-uahfphjda3kzph6rnz2da2o2wp7tt65n/lib -Wl -rpath /usr/lib64' --with-boot-ldflags='-Wl -rpath /opt/software/spack/linux-x86_64_v4/gcc-12.5.0-dk35dndrqz43ry7f5raaie5d7vnk6btb/lib -Wl -rpath /opt/software/spack/linux-x86_64_v4/gcc-12.5.0-dk35dndrqz43ry7f5raaie5d7vnk6btb/lib64 -Wl -rpath /opt/software/spack/linux-x86_64_v4/binutils-2.46.1-z2pz32aywqadwj4swhh4sz6tudisvntl/lib -Wl -rpath /opt/software/spack/linux-x86_64_v4/gcc-runtime-9.4.0-yysqboyplcsesgkldhkp4snwcjxtwfvy/lib -Wl -rpath /usr/lib -Wl -rpath /opt/software/spack/linux-x86_64_v4/gmp-6.3.0-osndzqfdgs7km4wvdq4vyvab763vpx3s/lib -Wl -rpath /opt/software/spack/linux-x86_64_v4/mpc-1.4.1-j76envoqumdhhvhzmqjydwzud4cduau2/lib -Wl -rpath /opt/software/spack/linux-x86_64_v4/mpfr-4.2.2-mw3egnf5uiwmzxk4acwqfwgkm3o6azhn/lib -Wl -rpath /opt/software/spack/linux-x86_64_v4/zlib-ng-2.3.3-jyh45gkahyi6cnaqhhro7yah2aidtalo/lib -Wl -rpath /opt/software/spack/linux-x86_64_v4/zstd-1.5.7-uahfphjda3kzph6rnz2da2o2wp7tt65n/lib -Wl -rpath /usr/lib64 -static-libstdc++ -static-libgcc' --with-build-config=spack]
  ignore line: [Thread model: posix]
  ignore line: [Supported LTO compression algorithms: zlib zstd]
  ignore line: [gcc version 12.5.0 (Spack GCC) ]
  ignore line: [COLLECT_GCC_OPTIONS='-v' '-o' 'CMakeFiles/cmTC_abe3e.dir/CMakeCCompilerABI.c.o' '-c' '-mtune=generic' '-march=x86-64' '-B' '/opt/software/spack/linux-x86_64_v4/binutils-2.46.1-z2pz32aywqadwj4swhh4sz6tudisvntl/bin' '-dumpdir' 'CMakeFiles/cmTC_abe3e.dir/']
  ignore line: [ /opt/software/spack/linux-x86_64_v4/gcc-12.5.0-dk35dndrqz43ry7f5raaie5d7vnk6btb/libexec/gcc/x86_64-pc-linux-gnu/12.5.0/cc1 -quiet -v -imultiarch x86_64-linux-gnu /usr/share/cmake-3.16/Modules/CMakeCCompilerABI.c -quiet -dumpdir CMakeFiles/cmTC_abe3e.dir/ -dumpbase CMakeCCompilerABI.c.c -dumpbase-ext .c -mtune=generic -march=x86-64 -version -o /tmp/cc4EJTRU.s]
  ignore line: [GNU C17 (Spack GCC) version 12.5.0 (x86_64-pc-linux-gnu)]
  ignore line: [	compiled by GNU C version 12.5.0  GMP version 6.3.0  MPFR version 4.2.2  MPC version 1.4.1  isl version none]
  ignore line: [GGC heuristics: --param ggc-min-expand=100 --param ggc-min-heapsize=131072]
  ignore line: [ignoring nonexistent directory "/usr/local/include/x86_64-linux-gnu"]
  ignore line: [ignoring nonexistent directory "/opt/software/spack/linux-x86_64_v4/gcc-12.5.0-dk35dndrqz43ry7f5raaie5d7vnk6btb/lib/gcc/x86_64-pc-linux-gnu/12.5.0/../../../../x86_64-pc-linux-gnu/include"]
  ignore line: [#include "..." search starts here:]
  ignore line: [#include <...> search starts here:]
  ignore line: [ /opt/software/spack/linux-x86_64_v4/gcc-12.5.0-dk35dndrqz43ry7f5raaie5d7vnk6btb/lib/gcc/x86_64-pc-linux-gnu/12.5.0/include]
  ignore line: [ /usr/local/include]
  ignore line: [ /opt/software/spack/linux-x86_64_v4/gcc-12.5.0-dk35dndrqz43ry7f5raaie5d7vnk6btb/include]
  ignore line: [ /opt/software/spack/linux-x86_64_v4/gcc-12.5.0-dk35dndrqz43ry7f5raaie5d7vnk6btb/lib/gcc/x86_64-pc-linux-gnu/12.5.0/include-fixed]
  ignore line: [ /usr/include/x86_64-linux-gnu]
  ignore line: [ /usr/include]
  ignore line: [End of search list.]
  ignore line: [GNU C17 (Spack GCC) version 12.5.0 (x86_64-pc-linux-gnu)]
  ignore line: [	compiled by GNU C version 12.5.0  GMP version 6.3.0  MPFR version 4.2.2  MPC version 1.4.1  isl version none]
  ignore line: [GGC heuristics: --param ggc-min-expand=100 --param ggc-min-heapsize=131072]
  ignore line: [Compiler executable checksum: 8877d2e61ef8ac7b014bbd2799deccca]
  ignore line: [COLLECT_GCC_OPTIONS='-v' '-o' 'CMakeFiles/cmTC_abe3e.dir/CMakeCCompilerABI.c.o' '-c' '-mtune=generic' '-march=x86-64' '-B' '/opt/software/spack/linux-x86_64_v4/binutils-2.46.1-z2pz32aywqadwj4swhh4sz6tudisvntl/bin' '-dumpdir' 'CMakeFiles/cmTC_abe3e.dir/']
  ignore line: [ /opt/software/spack/linux-x86_64_v4/binutils-2.46.1-z2pz32aywqadwj4swhh4sz6tudisvntl/bin/as -v --64 -o CMakeFiles/cmTC_abe3e.dir/CMakeCCompilerABI.c.o /tmp/cc4EJTRU.s]
  ignore line: [GNU assembler version 2.46.1 (x86_64-pc-linux-gnu) using BFD version (GNU Binutils) 2.46.1]
  ignore line: [COMPILER_PATH=/opt/software/spack/linux-x86_64_v4/binutils-2.46.1-z2pz32aywqadwj4swhh4sz6tudisvntl/bin/:/opt/software/spack/linux-x86_64_v4/gcc-12.5.0-dk35dndrqz43ry7f5raaie5d7vnk6btb/libexec/gcc/x86_64-pc-linux-gnu/12.5.0/:/opt/software/spack/linux-x86_64_v4/gcc-12.5.0-dk35dndrqz43ry7f5raaie5d7vnk6btb/libexec/gcc/x86_64-pc-linux-gnu/12.5.0/:/opt/software/spack/linux-x86_64_v4/gcc-12.5.0-dk35dndrqz43ry7f5raaie5d7vnk6btb/libexec/gcc/x86_64-pc-linux-gnu/:/opt/software/spack/linux-x86_64_v4/gcc-12.5.0-dk35dndrqz43ry7f5raaie5d7vnk6btb/lib/gcc/x86_64-pc-linux-gnu/12.5.0/:/opt/software/spack/linux-x86_64_v4/gcc-12.5.0-dk35dndrqz43ry7f5raaie5d7vnk6btb/lib/gcc/x86_64-pc-linux-gnu/]
  ignore line: [LIBRARY_PATH=/opt/software/spack/linux-x86_64_v4/binutils-2.46.1-z2pz32aywqadwj4swhh4sz6tudisvntl/bin/:/opt/software/spack/linux-x86_64_v4/gcc-12.5.0-dk35dndrqz43ry7f5raaie5d7vnk6btb/lib/gcc/x86_64-pc-linux-gnu/12.5.0/:/opt/software/spack/linux-x86_64_v4/gcc-12.5.0-dk35dndrqz43ry7f5raaie5d7vnk6btb/lib/gcc/x86_64-pc-linux-gnu/12.5.0/../../../../lib64/:/lib/x86_64-linux-gnu/:/lib/../lib64/:/usr/lib/x86_64-linux-gnu/:/usr/lib/../lib64/:/opt/software/spack/linux-x86_64_v4/gcc-12.5.0-dk35dndrqz43ry7f5raaie5d7vnk6btb/lib/gcc/x86_64-pc-linux-gnu/12.5.0/../../../:/lib/:/usr/lib/]
  ignore line: [COLLECT_GCC_OPTIONS='-v' '-o' 'CMakeFiles/cmTC_abe3e.dir/CMakeCCompilerABI.c.o' '-c' '-mtune=generic' '-march=x86-64' '-B' '/opt/software/spack/linux-x86_64_v4/binutils-2.46.1-z2pz32aywqadwj4swhh4sz6tudisvntl/bin' '-dumpdir' 'CMakeFiles/cmTC_abe3e.dir/CMakeCCompilerABI.c.']
  ignore line: [Linking C executable cmTC_abe3e]
  ignore line: [/usr/bin/cmake -E cmake_link_script CMakeFiles/cmTC_abe3e.dir/link.txt --verbose=1]
  ignore line: [/opt/software/spack/linux-x86_64_v4/gcc-12.5.0-dk35dndrqz43ry7f5raaie5d7vnk6btb/bin/gcc     -v CMakeFiles/cmTC_abe3e.dir/CMakeCCompilerABI.c.o  -o cmTC_abe3e ]
  ignore line: [Reading specs from /opt/software/spack/linux-x86_64_v4/gcc-12.5.0-dk35dndrqz43ry7f5raaie5d7vnk6btb/lib/gcc/x86_64-pc-linux-gnu/12.5.0/specs]
  ignore line: [COLLECT_GCC=/opt/software/spack/linux-x86_64_v4/gcc-12.5.0-dk35dndrqz43ry7f5raaie5d7vnk6btb/bin/gcc]
  ignore line: [COLLECT_LTO_WRAPPER=/opt/software/spack/linux-x86_64_v4/gcc-12.5.0-dk35dndrqz43ry7f5raaie5d7vnk6btb/libexec/gcc/x86_64-pc-linux-gnu/12.5.0/lto-wrapper]
  ignore line: [Target: x86_64-pc-linux-gnu]
  ignore line: [Configured with: /var/cache/spack/stage/spack-stage-gcc-12.5.0-dk35dndrqz43ry7f5raaie5d7vnk6btb/spack-src/configure --prefix=/opt/software/spack/linux-x86_64_v4/gcc-12.5.0-dk35dndrqz43ry7f5raaie5d7vnk6btb --with-pkgversion='Spack GCC' --with-bugurl=https://github.com/spack/spack/issues --disable-multilib --enable-languages=c c++ fortran --disable-nls --disable-canonical-system-headers --with-system-zlib --with-zstd-include=/opt/software/spack/linux-x86_64_v4/zstd-1.5.7-uahfphjda3kzph6rnz2da2o2wp7tt65n/include --with-zstd-lib=/opt/software/spack/linux-x86_64_v4/zstd-1.5.7-uahfphjda3kzph6rnz2da2o2wp7tt65n/lib --enable-bootstrap --enable-libsanitizer --with-mpfr-include=/opt/software/spack/linux-x86_64_v4/mpfr-4.2.2-mw3egnf5uiwmzxk4acwqfwgkm3o6azhn/include --with-mpfr-lib=/opt/software/spack/linux-x86_64_v4/mpfr-4.2.2-mw3egnf5uiwmzxk4acwqfwgkm3o6azhn/lib --with-gmp-include=/opt/software/spack/linux-x86_64_v4/gmp-6.3.0-osndzqfdgs7km4wvdq4vyvab763vpx3s/include --with-gmp-lib=/opt/software/spack/linux-x86_64_v4/gmp-6.3.0-osndzqfdgs7km4wvdq4vyvab763vpx3s/lib --with-mpc-include=/opt/software/spack/linux-x86_64_v4/mpc-1.4.1-j76envoqumdhhvhzmqjydwzud4cduau2/include --with-mpc-lib=/opt/software/spack/linux-x86_64_v4/mpc-1.4.1-j76envoqumdhhvhzmqjydwzud4cduau2/lib --without-isl --with-stage1-ldflags='-Wl -rpath /opt/software/spack/linux-x86_64_v4/gcc-12.5.0-dk35dndrqz43ry7f5raaie5d7vnk6btb/lib -Wl -rpath /opt/software/spack/linux-x86_64_v4/gcc-12.5.0-dk35dndrqz43ry7f5raaie5d7vnk6btb/lib64 -Wl -rpath /opt/software/spack/linux-x86_64_v4/binutils-2.46.1-z2pz32aywqadwj4swhh4sz6tudisvntl/lib -Wl -rpath /opt/software/spack/linux-x86_64_v4/gcc-runtime-9.4.0-yysqboyplcsesgkldhkp4snwcjxtwfvy/lib -Wl -rpath /usr/lib -Wl -rpath /opt/software/spack/linux-x86_64_v4/gmp-6.3.0-osndzqfdgs7km4wvdq4vyvab763vpx3s/lib -Wl -rpath /opt/software/spack/linux-x86_64_v4/mpc-1.4.1-j76envoqumdhhvhzmqjydwzud4cduau2/lib -Wl -rpath /opt/software/spack/linux-x86_64_v4/mpfr-4.2.2-mw3egnf5uiwmzxk4acwqfwgkm3o6azhn/lib -Wl -rpath /opt/software/spack/linux-x86_64_v4/zlib-ng-2.3.3-jyh45gkahyi6cnaqhhro7yah2aidtalo/lib -Wl -rpath /opt/software/spack/linux-x86_64_v4/zstd-1.5.7-uahfphjda3kzph6rnz2da2o2wp7tt65n/lib -Wl -rpath /usr/lib64' --with-boot-ldflags='-Wl -rpath /opt/software/spack/linux-x86_64_v4/gcc-12.5.0-dk35dndrqz43ry7f5raaie5d7vnk6btb/lib -Wl -rpath /opt/software/spack/linux-x86_64_v4/gcc-12.5.0-dk35dndrqz43ry7f5raaie5d7vnk6btb/lib64 -Wl -rpath /opt/software/spack/linux-x86_64_v4/binutils-2.46.1-z2pz32aywqadwj4swhh4sz6tudisvntl/lib -Wl -rpath /opt/software/spack/linux-x86_64_v4/gcc-runtime-9.4.0-yysqboyplcsesgkldhkp4snwcjxtwfvy/lib -Wl -rpath /usr/lib -Wl -rpath /opt/software/spack/linux-x86_64_v4/gmp-6.3.0-osndzqfdgs7km4wvdq4vyvab763vpx3s/lib -Wl -rpath /opt/software/spack/linux-x86_64_v4/mpc-1.4.1-j76envoqumdhhvhzmqjydwzud4cduau2/lib -Wl -rpath /opt/software/spack/linux-x86_64_v4/mpfr-4.2.2-mw3egnf5uiwmzxk4acwqfwgkm3o6azhn/lib -Wl -rpath /opt/software/spack/linux-x86_64_v4/zlib-ng-2.3.3-jyh45gkahyi6cnaqhhro7yah2aidtalo/lib -Wl -rpath /opt/software/spack/linux-x86_64_v4/zstd-1.5.7-uahfphjda3kzph6rnz2da2o2wp7tt65n/lib -Wl -rpath /usr/lib64 -static-libstdc++ -static-libgcc' --with-build-config=spack]
  ignore line: [Thread model: posix]
  ignore line: [Supported LTO compression algorithms: zlib zstd]
  ignore line: [gcc version 12.5.0 (Spack GCC) ]
  ignore line: [COMPILER_PATH=/opt/software/spack/linux-x86_64_v4/binutils-2.46.1-z2pz32aywqadwj4swhh4sz6tudisvntl/bin/:/opt/software/spack/linux-x86_64_v4/gcc-12.5.0-dk35dndrqz43ry7f5raaie5d7vnk6btb/libexec/gcc/x86_64-pc-linux-gnu/12.5.0/:/opt/software/spack/linux-x86_64_v4/gcc-12.5.0-dk35dndrqz43ry7f5raaie5d7vnk6btb/libexec/gcc/x86_64-pc-linux-gnu/12.5.0/:/opt/software/spack/linux-x86_64_v4/gcc-12.5.0-dk35dndrqz43ry7f5raaie5d7vnk6btb/libexec/gcc/x86_64-pc-linux-gnu/:/opt/software/spack/linux-x86_64_v4/gcc-12.5.0-dk35dndrqz43ry7f5raaie5d7vnk6btb/lib/gcc/x86_64-pc-linux-gnu/12.5.0/:/opt/software/spack/linux-x86_64_v4/gcc-12.5.0-dk35dndrqz43ry7f5raaie5d7vnk6btb/lib/gcc/x86_64-pc-linux-gnu/]
  ignore line: [LIBRARY_PATH=/opt/software/spack/linux-x86_64_v4/binutils-2.46.1-z2pz32aywqadwj4swhh4sz6tudisvntl/bin/:/opt/software/spack/linux-x86_64_v4/gcc-12.5.0-dk35dndrqz43ry7f5raaie5d7vnk6btb/lib/gcc/x86_64-pc-linux-gnu/12.5.0/:/opt/software/spack/linux-x86_64_v4/gcc-12.5.0-dk35dndrqz43ry7f5raaie5d7vnk6btb/lib/gcc/x86_64-pc-linux-gnu/12.5.0/../../../../lib64/:/lib/x86_64-linux-gnu/:/lib/../lib64/:/usr/lib/x86_64-linux-gnu/:/usr/lib/../lib64/:/opt/software/spack/linux-x86_64_v4/gcc-12.5.0-dk35dndrqz43ry7f5raaie5d7vnk6btb/lib/gcc/x86_64-pc-linux-gnu/12.5.0/../../../:/lib/:/usr/lib/]
  ignore line: [COLLECT_GCC_OPTIONS='-v' '-o' 'cmTC_abe3e' '-mtune=generic' '-march=x86-64' '-B' '/opt/software/spack/linux-x86_64_v4/binutils-2.46.1-z2pz32aywqadwj4swhh4sz6tudisvntl/bin' '-dumpdir' 'cmTC_abe3e.']
  link line: [ /opt/software/spack/linux-x86_64_v4/gcc-12.5.0-dk35dndrqz43ry7f5raaie5d7vnk6btb/libexec/gcc/x86_64-pc-linux-gnu/12.5.0/collect2 -plugin /opt/software/spack/linux-x86_64_v4/gcc-12.5.0-dk35dndrqz43ry7f5raaie5d7vnk6btb/libexec/gcc/x86_64-pc-linux-gnu/12.5.0/liblto_plugin.so -plugin-opt=/opt/software/spack/linux-x86_64_v4/gcc-12.5.0-dk35dndrqz43ry7f5raaie5d7vnk6btb/libexec/gcc/x86_64-pc-linux-gnu/12.5.0/lto-wrapper -plugin-opt=-fresolution=/tmp/cc3uCXeq.res -plugin-opt=-pass-through=-lgcc -plugin-opt=-pass-through=-lgcc_s -plugin-opt=-pass-through=-lc -plugin-opt=-pass-through=-lgcc -plugin-opt=-pass-through=-lgcc_s --eh-frame-hdr -m elf_x86_64 -dynamic-linker /lib64/ld-linux-x86-64.so.2 -o cmTC_abe3e /lib/x86_64-linux-gnu/crt1.o /lib/x86_64-linux-gnu/crti.o /opt/software/spack/linux-x86_64_v4/gcc-12.5.0-dk35dndrqz43ry7f5raaie5d7vnk6btb/lib/gcc/x86_64-pc-linux-gnu/12.5.0/crtbegin.o -L/opt/software/spack/linux-x86_64_v4/binutils-2.46.1-z2pz32aywqadwj4swhh4sz6tudisvntl/bin -L/opt/software/spack/linux-x86_64_v4/gcc-12.5.0-dk35dndrqz43ry7f5raaie5d7vnk6btb/lib/gcc/x86_64-pc-linux-gnu/12.5.0 -L/opt/software/spack/linux-x86_64_v4/gcc-12.5.0-dk35dndrqz43ry7f5raaie5d7vnk6btb/lib/gcc/x86_64-pc-linux-gnu/12.5.0/../../../../lib64 -L/lib/x86_64-linux-gnu -L/lib/../lib64 -L/usr/lib/x86_64-linux-gnu -L/usr/lib/../lib64 -L/opt/software/spack/linux-x86_64_v4/gcc-12.5.0-dk35dndrqz43ry7f5raaie5d7vnk6btb/lib/gcc/x86_64-pc-linux-gnu/12.5.0/../../.. -rpath /opt/software/spack/linux-x86_64_v4/gcc-12.5.0-dk35dndrqz43ry7f5raaie5d7vnk6btb/lib64 CMakeFiles/cmTC_abe3e.dir/CMakeCCompilerABI.c.o -lgcc --push-state --as-needed -lgcc_s --pop-state -lc -lgcc --push-state --as-needed -lgcc_s --pop-state /opt/software/spack/linux-x86_64_v4/gcc-12.5.0-dk35dndrqz43ry7f5raaie5d7vnk6btb/lib/gcc/x86_64-pc-linux-gnu/12.5.0/crtend.o /lib/x86_64-linux-gnu/crtn.o]
    arg [/opt/software/spack/linux-x86_64_v4/gcc-12.5.0-dk35dndrqz43ry7f5raaie5d7vnk6btb/libexec/gcc/x86_64-pc-linux-gnu/12.5.0/collect2] ==> ignore
    arg [-plugin] ==> ignore
    arg [/opt/software/spack/linux-x86_64_v4/gcc-12.5.0-dk35dndrqz43ry7f5raaie5d7vnk6btb/libexec/gcc/x86_64-pc-linux-gnu/12.5.0/liblto_plugin.so] ==> ignore
    arg [-plugin-opt=/opt/software/spack/linux-x86_64_v4/gcc-12.5.0-dk35dndrqz43ry7f5raaie5d7vnk6btb/libexec/gcc/x86_64-pc-linux-gnu/12.5.0/lto-wrapper] ==> ignore
    arg [-plugin-opt=-fresolution=/tmp/cc3uCXeq.res] ==> ignore
    arg [-plugin-opt=-pass-through=-lgcc] ==> ignore
    arg [-plugin-opt=-pass-through=-lgcc_s] ==> ignore
    arg [-plugin-opt=-pass-through=-lc] ==> ignore
    arg [-plugin-opt=-pass-through=-lgcc] ==> ignore
    arg [-plugin-opt=-pass-through=-lgcc_s] ==> ignore
    arg [--eh-frame-hdr] ==> ignore
    arg [-m] ==> ignore
    arg [elf_x86_64] ==> ignore
    arg [-dynamic-linker] ==> ignore
    arg [/lib64/ld-linux-x86-64.so.2] ==> ignore
    arg [-o] ==> ignore
    arg [cmTC_abe3e] ==> ignore
    arg [/lib/x86_64-linux-gnu/crt1.o] ==> ignore
    arg [/lib/x86_64-linux-gnu/crti.o] ==> ignore
    arg [/opt/software/spack/linux-x86_64_v4/gcc-12.5.0-dk35dndrqz43ry7f5raaie5d7vnk6btb/lib/gcc/x86_64-pc-linux-gnu/12.5.0/crtbegin.o] ==> ignore
    arg [-L/opt/software/spack/linux-x86_64_v4/binutils-2.46.1-z2pz32aywqadwj4swhh4sz6tudisvntl/bin] ==> dir [/opt/software/spack/linux-x86_64_v4/binutils-2.46.1-z2pz32aywqadwj4swhh4sz6tudisvntl/bin]
    arg [-L/opt/software/spack/linux-x86_64_v4/gcc-12.5.0-dk35dndrqz43ry7f5raaie5d7vnk6btb/lib/gcc/x86_64-pc-linux-gnu/12.5.0] ==> dir [/opt/software/spack/linux-x86_64_v4/gcc-12.5.0-dk35dndrqz43ry7f5raaie5d7vnk6btb/lib/gcc/x86_64-pc-linux-gnu/12.5.0]
    arg [-L/opt/software/spack/linux-x86_64_v4/gcc-12.5.0-dk35dndrqz43ry7f5raaie5d7vnk6btb/lib/gcc/x86_64-pc-linux-gnu/12.5.0/../../../../lib64] ==> dir [/opt/software/spack/linux-x86_64_v4/gcc-12.5.0-dk35dndrqz43ry7f5raaie5d7vnk6btb/lib/gcc/x86_64-pc-linux-gnu/12.5.0/../../../../lib64]
    arg [-L/lib/x86_64-linux-gnu] ==> dir [/lib/x86_64-linux-gnu]
    arg [-L/lib/../lib64] ==> dir [/lib/../lib64]
    arg [-L/usr/lib/x86_64-linux-gnu] ==> dir [/usr/lib/x86_64-linux-gnu]
    arg [-L/usr/lib/../lib64] ==> dir [/usr/lib/../lib64]
    arg [-L/opt/software/spack/linux-x86_64_v4/gcc-12.5.0-dk35dndrqz43ry7f5raaie5d7vnk6btb/lib/gcc/x86_64-pc-linux-gnu/12.5.0/../../..] ==> dir [/opt/software/spack/linux-x86_64_v4/gcc-12.5.0-dk35dndrqz43ry7f5raaie5d7vnk6btb/lib/gcc/x86_64-pc-linux-gnu/12.5.0/../../..]
    arg [-rpath] ==> ignore
    arg [/opt/software/spack/linux-x86_64_v4/gcc-12.5.0-dk35dndrqz43ry7f5raaie5d7vnk6btb/lib64] ==> ignore
    arg [CMakeFiles/cmTC_abe3e.dir/CMakeCCompilerABI.c.o] ==> ignore
    arg [-lgcc] ==> lib [gcc]
    arg [--push-state] ==> ignore
    arg [--as-needed] ==> ignore
    arg [-lgcc_s] ==> lib [gcc_s]
    arg [--pop-state] ==> ignore
    arg [-lc] ==> lib [c]
    arg [-lgcc] ==> lib [gcc]
    arg [--push-state] ==> ignore
    arg [--as-needed] ==> ignore
    arg [-lgcc_s] ==> lib [gcc_s]
    arg [--pop-state] ==> ignore
    arg [/opt/software/spack/linux-x86_64_v4/gcc-12.5.0-dk35dndrqz43ry7f5raaie5d7vnk6btb/lib/gcc/x86_64-pc-linux-gnu/12.5.0/crtend.o] ==> ignore
    arg [/lib/x86_64-linux-gnu/crtn.o] ==> ignore
  collapse library dir [/opt/software/spack/linux-x86_64_v4/binutils-2.46.1-z2pz32aywqadwj4swhh4sz6tudisvntl/bin] ==> [/opt/software/spack/linux-x86_64_v4/binutils-2.46.1-z2pz32aywqadwj4swhh4sz6tudisvntl/bin]
  collapse library dir [/opt/software/spack/linux-x86_64_v4/gcc-12.5.0-dk35dndrqz43ry7f5raaie5d7vnk6btb/lib/gcc/x86_64-pc-linux-gnu/12.5.0] ==> [/opt/software/spack/linux-x86_64_v4/gcc-12.5.0-dk35dndrqz43ry7f5raaie5d7vnk6btb/lib/gcc/x86_64-pc-linux-gnu/12.5.0]
  collapse library dir [/opt/software/spack/linux-x86_64_v4/gcc-12.5.0-dk35dndrqz43ry7f5raaie5d7vnk6btb/lib/gcc/x86_64-pc-linux-gnu/12.5.0/../../../../lib64] ==> [/opt/software/spack/linux-x86_64_v4/gcc-12.5.0-dk35dndrqz43ry7f5raaie5d7vnk6btb/lib64]
  collapse library dir [/lib/x86_64-linux-gnu] ==> [/lib/x86_64-linux-gnu]
  collapse library dir [/lib/../lib64] ==> [/lib64]
  collapse library dir [/usr/lib/x86_64-linux-gnu] ==> [/usr/lib/x86_64-linux-gnu]
  collapse library dir [/usr/lib/../lib64] ==> [/usr/lib64]
  collapse library dir [/opt/software/spack/linux-x86_64_v4/gcc-12.5.0-dk35dndrqz43ry7f5raaie5d7vnk6btb/lib/gcc/x86_64-pc-linux-gnu/12.5.0/../../..] ==> [/opt/software/spack/linux-x86_64_v4/gcc-12.5.0-dk35dndrqz43ry7f5raaie5d7vnk6btb/lib]
  implicit libs: [gcc;gcc_s;c;gcc;gcc_s]
  implicit dirs: [/opt/software/spack/linux-x86_64_v4/binutils-2.46.1-z2pz32aywqadwj4swhh4sz6tudisvntl/bin;/opt/software/spack/linux-x86_64_v4/gcc-12.5.0-dk35dndrqz43ry7f5raaie5d7vnk6btb/lib/gcc/x86_64-pc-linux-gnu/12.5.0;/opt/software/spack/linux-x86_64_v4/gcc-12.5.0-dk35dndrqz43ry7f5raaie5d7vnk6btb/lib64;/lib/x86_64-linux-gnu;/lib64;/usr/lib/x86_64-linux-gnu;/usr/lib64;/opt/software/spack/linux-x86_64_v4/gcc-12.5.0-dk35dndrqz43ry7f5raaie5d7vnk6btb/lib]
  implicit fwks: []


Determining if the CXX compiler works passed with the following output:
Change Dir: /home/pknauss/sim/build/CMakeFiles/CMakeTmp

Run Build Command(s):/usr/bin/make cmTC_8ed5c/fast && /usr/bin/make -f CMakeFiles/cmTC_8ed5c.dir/build.make CMakeFiles/cmTC_8ed5c.dir/build
make[1]: Entering directory '/home/pknauss/sim/build/CMakeFiles/CMakeTmp'
Building CXX object CMakeFiles/cmTC_8ed5c.dir/testCXXCompiler.cxx.o
/opt/software/spack/linux-x86_64_v4/gcc-12.5.0-dk35dndrqz43ry7f5raaie5d7vnk6btb/bin/g++     -o CMakeFiles/cmTC_8ed5c.dir/testCXXCompiler.cxx.o -c /home/pknauss/sim/build/CMakeFiles/CMakeTmp/testCXXCompiler.cxx
Linking CXX executable cmTC_8ed5c
/usr/bin/cmake -E cmake_link_script CMakeFiles/cmTC_8ed5c.dir/link.txt --verbose=1
/opt/software/spack/linux-x86_64_v4/gcc-12.5.0-dk35dndrqz43ry7f5raaie5d7vnk6btb/bin/g++       CMakeFiles/cmTC_8ed5c.dir/testCXXCompiler.cxx.o  -o cmTC_8ed5c 
make[1]: Leaving directory '/home/pknauss/sim/build/CMakeFiles/CMakeTmp'



Detecting CXX compiler ABI info compiled with the following output:
Change Dir: /home/pknauss/sim/build/CMakeFiles/CMakeTmp

Run Build Command(s):/usr/bin/make cmTC_c95f6/fast && /usr/bin/make -f CMakeFiles/cmTC_c95f6.dir/build.make CMakeFiles/cmTC_c95f6.dir/build
make[1]: Entering directory '/home/pknauss/sim/build/CMakeFiles/CMakeTmp'
Building CXX object CMakeFiles/cmTC_c95f6.dir/CMakeCXXCompilerABI.cpp.o
/opt/software/spack/linux-x86_64_v4/gcc-12.5.0-dk35dndrqz43ry7f5raaie5d7vnk6btb/bin/g++    -v -o CMakeFiles/cmTC_c95f6.dir/CMakeCXXCompilerABI.cpp.o -c /usr/share/cmake-3.16/Modules/CMakeCXXCompilerABI.cpp
Reading specs from /opt/software/spack/linux-x86_64_v4/gcc-12.5.0-dk35dndrqz43ry7f5raaie5d7vnk6btb/lib/gcc/x86_64-pc-linux-gnu/12.5.0/specs
COLLECT_GCC=/opt/software/spack/linux-x86_64_v4/gcc-12.5.0-dk35dndrqz43ry7f5raaie5d7vnk6btb/bin/g++
Target: x86_64-pc-linux-gnu
Configured with: /var/cache/spack/stage/spack-stage-gcc-12.5.0-dk35dndrqz43ry7f5raaie5d7vnk6btb/spack-src/configure --prefix=/opt/software/spack/linux-x86_64_v4/gcc-12.5.0-dk35dndrqz43ry7f5raaie5d7vnk6btb --with-pkgversion='Spack GCC' --with-bugurl=https://github.com/spack/spack/issues --disable-multilib --enable-languages=c,c++,fortran --disable-nls --disable-canonical-system-headers --with-system-zlib --with-zstd-include=/opt/software/spack/linux-x86_64_v4/zstd-1.5.7-uahfphjda3kzph6rnz2da2o2wp7tt65n/include --with-zstd-lib=/opt/software/spack/linux-x86_64_v4/zstd-1.5.7-uahfphjda3kzph6rnz2da2o2wp7tt65n/lib --enable-bootstrap --enable-libsanitizer --with-mpfr-include=/opt/software/spack/linux-x86_64_v4/mpfr-4.2.2-mw3egnf5uiwmzxk4acwqfwgkm3o6azhn/include --with-mpfr-lib=/opt/software/spack/linux-x86_64_v4/mpfr-4.2.2-mw3egnf5uiwmzxk4acwqfwgkm3o6azhn/lib --with-gmp-include=/opt/software/spack/linux-x86_64_v4/gmp-6.3.0-osndzqfdgs7km4wvdq4vyvab763vpx3s/include --with-gmp-lib=/opt/software/spack/linux-x86_64_v4/gmp-6.3.0-osndzqfdgs7km4wvdq4vyvab763vpx3s/lib --with-mpc-include=/opt/software/spack/linux-x86_64_v4/mpc-1.4.1-j76envoqumdhhvhzmqjydwzud4cduau2/include --with-mpc-lib=/opt/software/spack/linux-x86_64_v4/mpc-1.4.1-j76envoqumdhhvhzmqjydwzud4cduau2/lib --without-isl --with-stage1-ldflags='-Wl,-rpath,/opt/software/spack/linux-x86_64_v4/gcc-12.5.0-dk35dndrqz43ry7f5raaie5d7vnk6btb/lib -Wl,-rpath,/opt/software/spack/linux-x86_64_v4/gcc-12.5.0-dk35dndrqz43ry7f5raaie5d7vnk6btb/lib64 -Wl,-rpath,/opt/software/spack/linux-x86_64_v4/binutils-2.46.1-z2pz32aywqadwj4swhh4sz6tudisvntl/lib -Wl,-rpath,/opt/software/spack/linux-x86_64_v4/gcc-runtime-9.4.0-yysqboyplcsesgkldhkp4snwcjxtwfvy/lib -Wl,-rpath,/usr/lib -Wl,-rpath,/opt/software/spack/linux-x86_64_v4/gmp-6.3.0-osndzqfdgs7km4wvdq4vyvab763vpx3s/lib -Wl,-rpath,/opt/software/spack/linux-x86_64_v4/mpc-1.4.1-j76envoqumdhhvhzmqjydwzud4cduau2/lib -Wl,-rpath,/opt/software/spack/linux-x86_64_v4/mpfr-4.2.2-mw3egnf5uiwmzxk4acwqfwgkm3o6azhn/lib -Wl,-rpath,/opt/software/spack/linux-x86_64_v4/zlib-ng-2.3.3-jyh45gkahyi6cnaqhhro7yah2aidtalo/lib -Wl,-rpath,/opt/software/spack/linux-x86_64_v4/zstd-1.5.7-uahfphjda3kzph6rnz2da2o2wp7tt65n/lib -Wl,-rpath,/usr/lib64' --with-boot-ldflags='-Wl,-rpath,/opt/software/spack/linux-x86_64_v4/gcc-12.5.0-dk35dndrqz43ry7f5raaie5d7vnk6btb/lib -Wl,-rpath,/opt/software/spack/linux-x86_64_v4/gcc-12.5.0-dk35dndrqz43ry7f5raaie5d7vnk6btb/lib64 -Wl,-rpath,/opt/software/spack/linux-x86_64_v4/binutils-2.46.1-z2pz32aywqadwj4swhh4sz6tudisvntl/lib -Wl,-rpath,/opt/software/spack/linux-x86_64_v4/gcc-runtime-9.4.0-yysqboyplcsesgkldhkp4snwcjxtwfvy/lib -Wl,-rpath,/usr/lib -Wl,-rpath,/opt/software/spack/linux-x86_64_v4/gmp-6.3.0-osndzqfdgs7km4wvdq4vyvab763vpx3s/lib -Wl,-rpath,/opt/software/spack/linux-x86_64_v4/mpc-1.4.1-j76envoqumdhhvhzmqjydwzud4cduau2/lib -Wl,-rpath,/opt/software/spack/linux-x86_64_v4/mpfr-4.2.2-mw3egnf5uiwmzxk4acwqfwgkm3o6azhn/lib -Wl,-rpath,/opt/software/spack/linux-x86_64_v4/zlib-ng-2.3.3-jyh45gkahyi6cnaqhhro7yah2aidtalo/lib -Wl,-rpath,/opt/software/spack/linux-x86_64_v4/zstd-1.5.7-uahfphjda3kzph6rnz2da2o2wp7tt65n/lib -Wl,-rpath,/usr/lib64 -static-libstdc++ -static-libgcc' --with-build-config=spack
Thread model: posix
Supported LTO compression algorithms: zlib zstd
gcc version 12.5.0 (Spack GCC) 
COLLECT_GCC_OPTIONS='-v' '-o' 'CMakeFiles/cmTC_c95f6.dir/CMakeCXXCompilerABI.cpp.o' '-c' '-shared-libgcc' '-mtune=generic' '-march=x86-64' '-B' '/opt/software/spack/linux-x86_64_v4/binutils-2.46.1-z2pz32aywqadwj4swhh4sz6tudisvntl/bin' '-dumpdir' 'CMakeFiles/cmTC_c95f6.dir/'
 /opt/software/spack/linux-x86_64_v4/gcc-12.5.0-dk35dndrqz43ry7f5raaie5d7vnk6btb/libexec/gcc/x86_64-pc-linux-gnu/12.5.0/cc1plus -quiet -v -imultiarch x86_64-linux-gnu -D_GNU_SOURCE /usr/share/cmake-3.16/Modules/CMakeCXXCompilerABI.cpp -quiet -dumpdir CMakeFiles/cmTC_c95f6.dir/ -dumpbase CMakeCXXCompilerABI.cpp.cpp -dumpbase-ext .cpp -mtune=generic -march=x86-64 -version -o /tmp/ccTxhOeS.s
GNU C++17 (Spack GCC) version 12.5.0 (x86_64-pc-linux-gnu)
	compiled by GNU C version 12.5.0, GMP version 6.3.0, MPFR version 4.2.2, MPC version 1.4.1, isl version none
GGC heuristics: --param ggc-min-expand=100 --param ggc-min-heapsize=131072
ignoring nonexistent directory "/usr/local/include/x86_64-linux-gnu"
ignoring nonexistent directory "/opt/software/spack/linux-x86_64_v4/gcc-12.5.0-dk35dndrqz43ry7f5raaie5d7vnk6btb/lib/gcc/x86_64-pc-linux-gnu/12.5.0/../../../../x86_64-pc-linux-gnu/include"
#include "..." search starts here:
#include <...> search starts here:
 /opt/software/spack/linux-x86_64_v4/gcc-12.5.0-dk35dndrqz43ry7f5raaie5d7vnk6btb/lib/gcc/x86_64-pc-linux-gnu/12.5.0/../../../../include/c++/12.5.0
 /opt/software/spack/linux-x86_64_v4/gcc-12.5.0-dk35dndrqz43ry7f5raaie5d7vnk6btb/lib/gcc/x86_64-pc-linux-gnu/12.5.0/../../../../include/c++/12.5.0/x86_64-pc-linux-gnu
 /opt/software/spack/linux-x86_64_v4/gcc-12.5.0-dk35dndrqz43ry7f5raaie5d7vnk6btb/lib/gcc/x86_64-pc-linux-gnu/12.5.0/../../../../include/c++/12.5.0/backward
 /opt/software/spack/linux-x86_64_v4/gcc-12.5.0-dk35dndrqz43ry7f5raaie5d7vnk6btb/lib/gcc/x86_64-pc-linux-gnu/12.5.0/include
 /usr/local/include
 /opt/software/spack/linux-x86_64_v4/gcc-12.5.0-dk35dndrqz43ry7f5raaie5d7vnk6btb/include
 /opt/software/spack/linux-x86_64_v4/gcc-12.5.0-dk35dndrqz43ry7f5raaie5d7vnk6btb/lib/gcc/x86_64-pc-linux-gnu/12.5.0/include-fixed
 /usr/include/x86_64-linux-gnu
 /usr/include
End of search list.
GNU C++17 (Spack GCC) version 12.5.0 (x86_64-pc-linux-gnu)
	compiled by GNU C version 12.5.0, GMP version 6.3.0, MPFR version 4.2.2, MPC version 1.4.1, isl version none
GGC heuristics: --param ggc-min-expand=100 --param ggc-min-heapsize=131072
Compiler executable checksum: 47c0ecc731ed7cd448ef563acb450a12
COLLECT_GCC_OPTIONS='-v' '-o' 'CMakeFiles/cmTC_c95f6.dir/CMakeCXXCompilerABI.cpp.o' '-c' '-shared-libgcc' '-mtune=generic' '-march=x86-64' '-B' '/opt/software/spack/linux-x86_64_v4/binutils-2.46.1-z2pz32aywqadwj4swhh4sz6tudisvntl/bin' '-dumpdir' 'CMakeFiles/cmTC_c95f6.dir/'
 /opt/software/spack/linux-x86_64_v4/binutils-2.46.1-z2pz32aywqadwj4swhh4sz6tudisvntl/bin/as -v --64 -o CMakeFiles/cmTC_c95f6.dir/CMakeCXXCompilerABI.cpp.o /tmp/ccTxhOeS.s
GNU assembler version 2.46.1 (x86_64-pc-linux-gnu) using BFD version (GNU Binutils) 2.46.1
COMPILER_PATH=/opt/software/spack/linux-x86_64_v4/binutils-2.46.1-z2pz32aywqadwj4swhh4sz6tudisvntl/bin/:/opt/software/spack/linux-x86_64_v4/gcc-12.5.0-dk35dndrqz43ry7f5raaie5d7vnk6btb/libexec/gcc/x86_64-pc-linux-gnu/12.5.0/:/opt/software/spack/linux-x86_64_v4/gcc-12.5.0-dk35dndrqz43ry7f5raaie5d7vnk6btb/libexec/gcc/x86_64-pc-linux-gnu/12.5.0/:/opt/software/spack/linux-x86_64_v4/gcc-12.5.0-dk35dndrqz43ry7f5raaie5d7vnk6btb/libexec/gcc/x86_64-pc-linux-gnu/:/opt/software/spack/linux-x86_64_v4/gcc-12.5.0-dk35dndrqz43ry7f5raaie5d7vnk6btb/lib/gcc/x86_64-pc-linux-gnu/12.5.0/:/opt/software/spack/linux-x86_64_v4/gcc-12.5.0-dk35dndrqz43ry7f5raaie5d7vnk6btb/lib/gcc/x86_64-pc-linux-gnu/
LIBRARY_PATH=/opt/software/spack/linux-x86_64_v4/binutils-2.46.1-z2pz32aywqadwj4swhh4sz6tudisvntl/bin/:/opt/software/spack/linux-x86_64_v4/gcc-12.5.0-dk35dndrqz43ry7f5raaie5d7vnk6btb/lib/gcc/x86_64-pc-linux-gnu/12.5.0/:/opt/software/spack/linux-x86_64_v4/gcc-12.5.0-dk35dndrqz43ry7f5raaie5d7vnk6btb/lib/gcc/x86_64-pc-linux-gnu/12.5.0/../../../../lib64/:/lib/x86_64-linux-gnu/:/lib/../lib64/:/usr/lib/x86_64-linux-gnu/:/usr/lib/../lib64/:/opt/software/spack/linux-x86_64_v4/gcc-12.5.0-dk35dndrqz43ry7f5raaie5d7vnk6btb/lib/gcc/x86_64-pc-linux-gnu/12.5.0/../../../:/lib/:/usr/lib/
COLLECT_GCC_OPTIONS='-v' '-o' 'CMakeFiles/cmTC_c95f6.dir/CMakeCXXCompilerABI.cpp.o' '-c' '-shared-libgcc' '-mtune=generic' '-march=x86-64' '-B' '/opt/software/spack/linux-x86_64_v4/binutils-2.46.1-z2pz32aywqadwj4swhh4sz6tudisvntl/bin' '-dumpdir' 'CMakeFiles/cmTC_c95f6.dir/CMakeCXXCompilerABI.cpp.'
Linking CXX executable cmTC_c95f6
/usr/bin/cmake -E cmake_link_script CMakeFiles/cmTC_c95f6.dir/link.txt --verbose=1
/opt/software/spack/linux-x86_64_v4/gcc-12.5.0-dk35dndrqz43ry7f5raaie5d7vnk6btb/bin/g++      -v CMakeFiles/cmTC_c95f6.dir/CMakeCXXCompilerABI.cpp.o  -o cmTC_c95f6 
Reading specs from /opt/software/spack/linux-x86_64_v4/gcc-12.5.0-dk35dndrqz43ry7f5raaie5d7vnk6btb/lib/gcc/x86_64-pc-linux-gnu/12.5.0/specs
COLLECT_GCC=/opt/software/spack/linux-x86_64_v4/gcc-12.5.0-dk35dndrqz43ry7f5raaie5d7vnk6btb/bin/g++
COLLECT_LTO_WRAPPER=/opt/software/spack/linux-x86_64_v4/gcc-12.5.0-dk35dndrqz43ry7f5raaie5d7vnk6btb/libexec/gcc/x86_64-pc-linux-gnu/12.5.0/lto-wrapper
Target: x86_64-pc-linux-gnu
Configured with: /var/cache/spack/stage/spack-stage-gcc-12.5.0-dk35dndrqz43ry7f5raaie5d7vnk6btb/spack-src/configure --prefix=/opt/software/spack/linux-x86_64_v4/gcc-12.5.0-dk35dndrqz43ry7f5raaie5d7vnk6btb --with-pkgversion='Spack GCC' --with-bugurl=https://github.com/spack/spack/issues --disable-multilib --enable-languages=c,c++,fortran --disable-nls --disable-canonical-system-headers --with-system-zlib --with-zstd-include=/opt/software/spack/linux-x86_64_v4/zstd-1.5.7-uahfphjda3kzph6rnz2da2o2wp7tt65n/include --with-zstd-lib=/opt/software/spack/linux-x86_64_v4/zstd-1.5.7-uahfphjda3kzph6rnz2da2o2wp7tt65n/lib --enable-bootstrap --enable-libsanitizer --with-mpfr-include=/opt/software/spack/linux-x86_64_v4/mpfr-4.2.2-mw3egnf5uiwmzxk4acwqfwgkm3o6azhn/include --with-mpfr-lib=/opt/software/spack/linux-x86_64_v4/mpfr-4.2.2-mw3egnf5uiwmzxk4acwqfwgkm3o6azhn/lib --with-gmp-include=/opt/software/spack/linux-x86_64_v4/gmp-6.3.0-osndzqfdgs7km4wvdq4vyvab763vpx3s/include --with-gmp-lib=/opt/software/spack/linux-x86_64_v4/gmp-6.3.0-osndzqfdgs7km4wvdq4vyvab763vpx3s/lib --with-mpc-include=/opt/software/spack/linux-x86_64_v4/mpc-1.4.1-j76envoqumdhhvhzmqjydwzud4cduau2/include --with-mpc-lib=/opt/software/spack/linux-x86_64_v4/mpc-1.4.1-j76envoqumdhhvhzmqjydwzud4cduau2/lib --without-isl --with-stage1-ldflags='-Wl,-rpath,/opt/software/spack/linux-x86_64_v4/gcc-12.5.0-dk35dndrqz43ry7f5raaie5d7vnk6btb/lib -Wl,-rpath,/opt/software/spack/linux-x86_64_v4/gcc-12.5.0-dk35dndrqz43ry7f5raaie5d7vnk6btb/lib64 -Wl,-rpath,/opt/software/spack/linux-x86_64_v4/binutils-2.46.1-z2pz32aywqadwj4swhh4sz6tudisvntl/lib -Wl,-rpath,/opt/software/spack/linux-x86_64_v4/gcc-runtime-9.4.0-yysqboyplcsesgkldhkp4snwcjxtwfvy/lib -Wl,-rpath,/usr/lib -Wl,-rpath,/opt/software/spack/linux-x86_64_v4/gmp-6.3.0-osndzqfdgs7km4wvdq4vyvab763vpx3s/lib -Wl,-rpath,/opt/software/spack/linux-x86_64_v4/mpc-1.4.1-j76envoqumdhhvhzmqjydwzud4cduau2/lib -Wl,-rpath,/opt/software/spack/linux-x86_64_v4/mpfr-4.2.2-mw3egnf5uiwmzxk4acwqfwgkm3o6azhn/lib -Wl,-rpath,/opt/software/spack/linux-x86_64_v4/zlib-ng-2.3.3-jyh45gkahyi6cnaqhhro7yah2aidtalo/lib -Wl,-rpath,/opt/software/spack/linux-x86_64_v4/zstd-1.5.7-uahfphjda3kzph6rnz2da2o2wp7tt65n/lib -Wl,-rpath,/usr/lib64' --with-boot-ldflags='-Wl,-rpath,/opt/software/spack/linux-x86_64_v4/gcc-12.5.0-dk35dndrqz43ry7f5raaie5d7vnk6btb/lib -Wl,-rpath,/opt/software/spack/linux-x86_64_v4/gcc-12.5.0-dk35dndrqz43ry7f5raaie5d7vnk6btb/lib64 -Wl,-rpath,/opt/software/spack/linux-x86_64_v4/binutils-2.46.1-z2pz32aywqadwj4swhh4sz6tudisvntl/lib -Wl,-rpath,/opt/software/spack/linux-x86_64_v4/gcc-runtime-9.4.0-yysqboyplcsesgkldhkp4snwcjxtwfvy/lib -Wl,-rpath,/usr/lib -Wl,-rpath,/opt/software/spack/linux-x86_64_v4/gmp-6.3.0-osndzqfdgs7km4wvdq4vyvab763vpx3s/lib -Wl,-rpath,/opt/software/spack/linux-x86_64_v4/mpc-1.4.1-j76envoqumdhhvhzmqjydwzud4cduau2/lib -Wl,-rpath,/opt/software/spack/linux-x86_64_v4/mpfr-4.2.2-mw3egnf5uiwmzxk4acwqfwgkm3o6azhn/lib -Wl,-rpath,/opt/software/spack/linux-x86_64_v4/zlib-ng-2.3.3-jyh45gkahyi6cnaqhhro7yah2aidtalo/lib -Wl,-rpath,/opt/software/spack/linux-x86_64_v4/zstd-1.5.7-uahfphjda3kzph6rnz2da2o2wp7tt65n/lib -Wl,-rpath,/usr/lib64 -static-libstdc++ -static-libgcc' --with-build-config=spack
Thread model: posix
Supported LTO compression algorithms: zlib zstd
gcc version 12.5.0 (Spack GCC) 
COMPILER_PATH=/opt/software/spack/linux-x86_64_v4/binutils-2.46.1-z2pz32aywqadwj4swhh4sz6tudisvntl/bin/:/opt/software/spack/linux-x86_64_v4/gcc-12.5.0-dk35dndrqz43ry7f5raaie5d7vnk6btb/libexec/gcc/x86_64-pc-linux-gnu/12.5.0/:/opt/software/spack/linux-x86_64_v4/gcc-12.5.0-dk35dndrqz43ry7f5raaie5d7vnk6btb/libexec/gcc/x86_64-pc-linux-gnu/12.5.0/:/opt/software/spack/linux-x86_64_v4/gcc-12.5.0-dk35dndrqz43ry7f5raaie5d7vnk6btb/libexec/gcc/x86_64-pc-linux-gnu/:/opt/software/spack/linux-x86_64_v4/gcc-12.5.0-dk35dndrqz43ry7f5raaie5d7vnk6btb/lib/gcc/x86_64-pc-linux-gnu/12.5.0/:/opt/software/spack/linux-x86_64_v4/gcc-12.5.0-dk35dndrqz43ry7f5raaie5d7vnk6btb/lib/gcc/x86_64-pc-linux-gnu/
LIBRARY_PATH=/opt/software/spack/linux-x86_64_v4/binutils-2.46.1-z2pz32aywqadwj4swhh4sz6tudisvntl/bin/:/opt/software/spack/linux-x86_64_v4/gcc-12.5.0-dk35dndrqz43ry7f5raaie5d7vnk6btb/lib/gcc/x86_64-pc-linux-gnu/12.5.0/:/opt/software/spack/linux-x86_64_v4/gcc-12.5.0-dk35dndrqz43ry7f5raaie5d7vnk6btb/lib/gcc/x86_64-pc-linux-gnu/12.5.0/../../../../lib64/:/lib/x86_64-linux-gnu/:/lib/../lib64/:/usr/lib/x86_64-linux-gnu/:/usr/lib/../lib64/:/opt/software/spack/linux-x86_64_v4/gcc-12.5.0-dk35dndrqz43ry7f5raaie5d7vnk6btb/lib/gcc/x86_64-pc-linux-gnu/12.5.0/../../../:/lib/:/usr/lib/
COLLECT_GCC_OPTIONS='-v' '-o' 'cmTC_c95f6' '-shared-libgcc' '-mtune=generic' '-march=x86-64' '-B' '/opt/software/spack/linux-x86_64_v4/binutils-2.46.1-z2pz32aywqadwj4swhh4sz6tudisvntl/bin' '-dumpdir' 'cmTC_c95f6.'
 /opt/software/spack/linux-x86_64_v4/gcc-12.5.0-dk35dndrqz43ry7f5raaie5d7vnk6btb/libexec/gcc/x86_64-pc-linux-gnu/12.5.0/collect2 -plugin /opt/software/spack/linux-x86_64_v4/gcc-12.5.0-dk35dndrqz43ry7f5raaie5d7vnk6btb/libexec/gcc/x86_64-pc-linux-gnu/12.5.0/liblto_plugin.so -plugin-opt=/opt/software/spack/linux-x86_64_v4/gcc-12.5.0-dk35dndrqz43ry7f5raaie5d7vnk6btb/libexec/gcc/x86_64-pc-linux-gnu/12.5.0/lto-wrapper -plugin-opt=-fresolution=/tmp/ccDCca0n.res -plugin-opt=-pass-through=-lgcc_s -plugin-opt=-pass-through=-lgcc -plugin-opt=-pass-through=-lc -plugin-opt=-pass-through=-lgcc_s -plugin-opt=-pass-through=-lgcc --eh-frame-hdr -m elf_x86_64 -dynamic-linker /lib64/ld-linux-x86-64.so.2 -o cmTC_c95f6 /lib/x86_64-linux-gnu/crt1.o /lib/x86_64-linux-gnu/crti.o /opt/software/spack/linux-x86_64_v4/gcc-12.5.0-dk35dndrqz43ry7f5raaie5d7vnk6btb/lib/gcc/x86_64-pc-linux-gnu/12.5.0/crtbegin.o -L/opt/software/spack/linux-x86_64_v4/binutils-2.46.1-z2pz32aywqadwj4swhh4sz6tudisvntl/bin -L/opt/software/spack/linux-x86_64_v4/gcc-12.5.0-dk35dndrqz43ry7f5raaie5d7vnk6btb/lib/gcc/x86_64-pc-linux-gnu/12.5.0 -L/opt/software/spack/linux-x86_64_v4/gcc-12.5.0-dk35dndrqz43ry7f5raaie5d7vnk6btb/lib/gcc/x86_64-pc-linux-gnu/12.5.0/../../../../lib64 -L/lib/x86_64-linux-gnu -L/lib/../lib64 -L/usr/lib/x86_64-linux-gnu -L/usr/lib/../lib64 -L/opt/software/spack/linux-x86_64_v4/gcc-12.5.0-dk35dndrqz43ry7f5raaie5d7vnk6btb/lib/gcc/x86_64-pc-linux-gnu/12.5.0/../../.. -rpath /opt/software/spack/linux-x86_64_v4/gcc-12.5.0-dk35dndrqz43ry7f5raaie5d7vnk6btb/lib64 CMakeFiles/cmTC_c95f6.dir/CMakeCXXCompilerABI.cpp.o -lstdc++ -lm -lgcc_s -lgcc -lc -lgcc_s -lgcc /opt/software/spack/linux-x86_64_v4/gcc-12.5.0-dk35dndrqz43ry7f5raaie5d7vnk6btb/lib/gcc/x86_64-pc-linux-gnu/12.5.0/crtend.o /lib/x86_64-linux-gnu/crtn.o
COLLECT_GCC_OPTIONS='-v' '-o' 'cmTC_c95f6' '-shared-libgcc' '-mtune=generic' '-march=x86-64' '-B' '/opt/software/spack/linux-x86_64_v4/binutils-2.46.1-z2pz32aywqadwj4swhh4sz6tudisvntl/bin' '-dumpdir' 'cmTC_c95f6.'
make[1]: Leaving directory '/home/pknauss/sim/build/CMakeFiles/CMakeTmp'



Parsed CXX implicit include dir info from above output: rv=done
  found start of include info
  found start of implicit include info
    add: [/opt/software/spack/linux-x86_64_v4/gcc-12.5.0-dk35dndrqz43ry7f5raaie5d7vnk6btb/lib/gcc/x86_64-pc-linux-gnu/12.5.0/../../../../include/c++/12.5.0]
    add: [/opt/software/spack/linux-x86_64_v4/gcc-12.5.0-dk35dndrqz43ry7f5raaie5d7vnk6btb/lib/gcc/x86_64-pc-linux-gnu/12.5.0/../../../../include/c++/12.5.0/x86_64-pc-linux-gnu]
    add: [/opt/software/spack/linux-x86_64_v4/gcc-12.5.0-dk35dndrqz43ry7f5raaie5d7vnk6btb/lib/gcc/x86_64-pc-linux-gnu/12.5.0/../../../../include/c++/12.5.0/backward]
    add: [/opt/software/spack/linux-x86_64_v4/gcc-12.5.0-dk35dndrqz43ry7f5raaie5d7vnk6btb/lib/gcc/x86_64-pc-linux-gnu/12.5.0/include]
    add: [/usr/local/include]
    add: [/opt/software/spack/linux-x86_64_v4/gcc-12.5.0-dk35dndrqz43ry7f5raaie5d7vnk6btb/include]
    add: [/opt/software/spack/linux-x86_64_v4/gcc-12.5.0-dk35dndrqz43ry7f5raaie5d7vnk6btb/lib/gcc/x86_64-pc-linux-gnu/12.5.0/include-fixed]
    add: [/usr/include/x86_64-linux-gnu]
    add: [/usr/include]
  end of search list found
  collapse include dir [/opt/software/spack/linux-x86_64_v4/gcc-12.5.0-dk35dndrqz43ry7f5raaie5d7vnk6btb/lib/gcc/x86_64-pc-linux-gnu/12.5.0/../../../../include/c++/12.5.0] ==> [/opt/software/spack/linux-x86_64_v4/gcc-12.5.0-dk35dndrqz43ry7f5raaie5d7vnk6btb/include/c++/12.5.0]
  collapse include dir [/opt/software/spack/linux-x86_64_v4/gcc-12.5.0-dk35dndrqz43ry7f5raaie5d7vnk6btb/lib/gcc/x86_64-pc-linux-gnu/12.5.0/../../../../include/c++/12.5.0/x86_64-pc-linux-gnu] ==> [/opt/software/spack/linux-x86_64_v4/gcc-12.5.0-dk35dndrqz43ry7f5raaie5d7vnk6btb/include/c++/12.5.0/x86_64-pc-linux-gnu]
  collapse include dir [/opt/software/spack/linux-x86_64_v4/gcc-12.5.0-dk35dndrqz43ry7f5raaie5d7vnk6btb/lib/gcc/x86_64-pc-linux-gnu/12.5.0/../../../../include/c++/12.5.0/backward] ==> [/opt/software/spack/linux-x86_64_v4/gcc-12.5.0-dk35dndrqz43ry7f5raaie5d7vnk6btb/include/c++/12.5.0/backward]
  collapse include dir [/opt/software/spack/linux-x86_64_v4/gcc-12.5.0-dk35dndrqz43ry7f5raaie5d7vnk6btb/lib/gcc/x86_64-pc-linux-gnu/12.5.0/include] ==> [/opt/software/spack/linux-x86_64_v4/gcc-12.5.0-dk35dndrqz43ry7f5raaie5d7vnk6btb/lib/gcc/x86_64-pc-linux-gnu/12.5.0/include]
  collapse include dir [/usr/local/include] ==> [/usr/local/include]
  collapse include dir [/opt/software/spack/linux-x86_64_v4/gcc-12.5.0-dk35dndrqz43ry7f5raaie5d7vnk6btb/include] ==> [/opt/software/spack/linux-x86_64_v4/gcc-12.5.0-dk35dndrqz43ry7f5raaie5d7vnk6btb/include]
  collapse include dir [/opt/software/spack/linux-x86_64_v4/gcc-12.5.0-dk35dndrqz43ry7f5raaie5d7vnk6btb/lib/gcc/x86_64-pc-linux-gnu/12.5.0/include-fixed] ==> [/opt/software/spack/linux-x86_64_v4/gcc-12.5.0-dk35dndrqz43ry7f5raaie5d7vnk6btb/lib/gcc/x86_64-pc-linux-gnu/12.5.0/include-fixed]
  collapse include dir [/usr/include/x86_64-linux-gnu] ==> [/usr/include/x86_64-linux-gnu]
  collapse include dir [/usr/include] ==> [/usr/include]
  implicit include dirs: [/opt/software/spack/linux-x86_64_v4/gcc-12.5.0-dk35dndrqz43ry7f5raaie5d7vnk6btb/include/c++/12.5.0;/opt/software/spack/linux-x86_64_v4/gcc-12.5.0-dk35dndrqz43ry7f5raaie5d7vnk6btb/include/c++/12.5.0/x86_64-pc-linux-gnu;/opt/software/spack/linux-x86_64_v4/gcc-12.5.0-dk35dndrqz43ry7f5raaie5d7vnk6btb/include/c++/12.5.0/backward;/opt/software/spack/linux-x86_64_v4/gcc-12.5.0-dk35dndrqz43ry7f5raaie5d7vnk6btb/lib/gcc/x86_64-pc-linux-gnu/12.5.0/include;/usr/local/include;/opt/software/spack/linux-x86_64_v4/gcc-12.5.0-dk35dndrqz43ry7f5raaie5d7vnk6btb/include;/opt/software/spack/linux-x86_64_v4/gcc-12.5.0-dk35dndrqz43ry7f5raaie5d7vnk6btb/lib/gcc/x86_64-pc-linux-gnu/12.5.0/include-fixed;/usr/include/x86_64-linux-gnu;/usr/include]


Parsed CXX implicit link information from above output:
  link line regex: [^( *|.*[/\])(ld|CMAKE_LINK_STARTFILE-NOTFOUND|([^/\]+-)?ld|collect2)[^/\]*( |$)]
  ignore line: [Change Dir: /home/pknauss/sim/build/CMakeFiles/CMakeTmp]
  ignore line: []
  ignore line: [Run Build Command(s):/usr/bin/make cmTC_c95f6/fast && /usr/bin/make -f CMakeFiles/cmTC_c95f6.dir/build.make CMakeFiles/cmTC_c95f6.dir/build]
  ignore line: [make[1]: Entering directory '/home/pknauss/sim/build/CMakeFiles/CMakeTmp']
  ignore line: [Building CXX object CMakeFiles/cmTC_c95f6.dir/CMakeCXXCompilerABI.cpp.o]
  ignore line: [/opt/software/spack/linux-x86_64_v4/gcc-12.5.0-dk35dndrqz43ry7f5raaie5d7vnk6btb/bin/g++    -v -o CMakeFiles/cmTC_c95f6.dir/CMakeCXXCompilerABI.cpp.o -c /usr/share/cmake-3.16/Modules/CMakeCXXCompilerABI.cpp]
  ignore line: [Reading specs from /opt/software/spack/linux-x86_64_v4/gcc-12.5.0-dk35dndrqz43ry7f5raaie5d7vnk6btb/lib/gcc/x86_64-pc-linux-gnu/12.5.0/specs]
  ignore line: [COLLECT_GCC=/opt/software/spack/linux-x86_64_v4/gcc-12.5.0-dk35dndrqz43ry7f5raaie5d7vnk6btb/bin/g++]
  ignore line: [Target: x86_64-pc-linux-gnu]
  ignore line: [Configured with: /var/cache/spack/stage/spack-stage-gcc-12.5.0-dk35dndrqz43ry7f5raaie5d7vnk6btb/spack-src/configure --prefix=/opt/software/spack/linux-x86_64_v4/gcc-12.5.0-dk35dndrqz43ry7f5raaie5d7vnk6btb --with-pkgversion='Spack GCC' --with-bugurl=https://github.com/spack/spack/issues --disable-multilib --enable-languages=c c++ fortran --disable-nls --disable-canonical-system-headers --with-system-zlib --with-zstd-include=/opt/software/spack/linux-x86_64_v4/zstd-1.5.7-uahfphjda3kzph6rnz2da2o2wp7tt65n/include --with-zstd-lib=/opt/software/spack/linux-x86_64_v4/zstd-1.5.7-uahfphjda3kzph6rnz2da2o2wp7tt65n/lib --enable-bootstrap --enable-libsanitizer --with-mpfr-include=/opt/software/spack/linux-x86_64_v4/mpfr-4.2.2-mw3egnf5uiwmzxk4acwqfwgkm3o6azhn/include --with-mpfr-lib=/opt/software/spack/linux-x86_64_v4/mpfr-4.2.2-mw3egnf5uiwmzxk4acwqfwgkm3o6azhn/lib --with-gmp-include=/opt/software/spack/linux-x86_64_v4/gmp-6.3.0-osndzqfdgs7km4wvdq4vyvab763vpx3s/include --with-gmp-lib=/opt/software/spack/linux-x86_64_v4/gmp-6.3.0-osndzqfdgs7km4wvdq4vyvab763vpx3s/lib --with-mpc-include=/opt/software/spack/linux-x86_64_v4/mpc-1.4.1-j76envoqumdhhvhzmqjydwzud4cduau2/include --with-mpc-lib=/opt/software/spack/linux-x86_64_v4/mpc-1.4.1-j76envoqumdhhvhzmqjydwzud4cduau2/lib --without-isl --with-stage1-ldflags='-Wl -rpath /opt/software/spack/linux-x86_64_v4/gcc-12.5.0-dk35dndrqz43ry7f5raaie5d7vnk6btb/lib -Wl -rpath /opt/software/spack/linux-x86_64_v4/gcc-12.5.0-dk35dndrqz43ry7f5raaie5d7vnk6btb/lib64 -Wl -rpath /opt/software/spack/linux-x86_64_v4/binutils-2.46.1-z2pz32aywqadwj4swhh4sz6tudisvntl/lib -Wl -rpath /opt/software/spack/linux-x86_64_v4/gcc-runtime-9.4.0-yysqboyplcsesgkldhkp4snwcjxtwfvy/lib -Wl -rpath /usr/lib -Wl -rpath /opt/software/spack/linux-x86_64_v4/gmp-6.3.0-osndzqfdgs7km4wvdq4vyvab763vpx3s/lib -Wl -rpath /opt/software/spack/linux-x86_64_v4/mpc-1.4.1-j76envoqumdhhvhzmqjydwzud4cduau2/lib -Wl -rpath /opt/software/spack/linux-x86_64_v4/mpfr-4.2.2-mw3egnf5uiwmzxk4acwqfwgkm3o6azhn/lib -Wl -rpath /opt/software/spack/linux-x86_64_v4/zlib-ng-2.3.3-jyh45gkahyi6cnaqhhro7yah2aidtalo/lib -Wl -rpath /opt/software/spack/linux-x86_64_v4/zstd-1.5.7-uahfphjda3kzph6rnz2da2o2wp7tt65n/lib -Wl -rpath /usr/lib64' --with-boot-ldflags='-Wl -rpath /opt/software/spack/linux-x86_64_v4/gcc-12.5.0-dk35dndrqz43ry7f5raaie5d7vnk6btb/lib -Wl -rpath /opt/software/spack/linux-x86_64_v4/gcc-12.5.0-dk35dndrqz43ry7f5raaie5d7vnk6btb/lib64 -Wl -rpath /opt/software/spack/linux-x86_64_v4/binutils-2.46.1-z2pz32aywqadwj4swhh4sz6tudisvntl/lib -Wl -rpath /opt/software/spack/linux-x86_64_v4/gcc-runtime-9.4.0-yysqboyplcsesgkldhkp4snwcjxtwfvy/lib -Wl -rpath /usr/lib -Wl -rpath /opt/software/spack/linux-x86_64_v4/gmp-6.3.0-osndzqfdgs7km4wvdq4vyvab763vpx3s/lib -Wl -rpath /opt/software/spack/linux-x86_64_v4/mpc-1.4.1-j76envoqumdhhvhzmqjydwzud4cduau2/lib -Wl -rpath /opt/software/spack/linux-x86_64_v4/mpfr-4.2.2-mw3egnf5uiwmzxk4acwqfwgkm3o6azhn/lib -Wl -rpath /opt/software/spack/linux-x86_64_v4/zlib-ng-2.3.3-jyh45gkahyi6cnaqhhro7yah2aidtalo/lib -Wl -rpath /opt/software/spack/linux-x86_64_v4/zstd-1.5.7-uahfphjda3kzph6rnz2da2o2wp7tt65n/lib -Wl -rpath /usr/lib64 -static-libstdc++ -static-libgcc' --with-build-config=spack]
  ignore line: [Thread model: posix]
  ignore line: [Supported LTO compression algorithms: zlib zstd]
  ignore line: [gcc version 12.5.0 (Spack GCC) ]
  ignore line: [COLLECT_GCC_OPTIONS='-v' '-o' 'CMakeFiles/cmTC_c95f6.dir/CMakeCXXCompilerABI.cpp.o' '-c' '-shared-libgcc' '-mtune=generic' '-march=x86-64' '-B' '/opt/software/spack/linux-x86_64_v4/binutils-2.46.1-z2pz32aywqadwj4swhh4sz6tudisvntl/bin' '-dumpdir' 'CMakeFiles/cmTC_c95f6.dir/']
  ignore line: [ /opt/software/spack/linux-x86_64_v4/gcc-12.5.0-dk35dndrqz43ry7f5raaie5d7vnk6btb/libexec/gcc/x86_64-pc-linux-gnu/12.5.0/cc1plus -quiet -v -imultiarch x86_64-linux-gnu -D_GNU_SOURCE /usr/share/cmake-3.16/Modules/CMakeCXXCompilerABI.cpp -quiet -dumpdir CMakeFiles/cmTC_c95f6.dir/ -dumpbase CMakeCXXCompilerABI.cpp.cpp -dumpbase-ext .cpp -mtune=generic -march=x86-64 -version -o /tmp/ccTxhOeS.s]
  ignore line: [GNU C++17 (Spack GCC) version 12.5.0 (x86_64-pc-linux-gnu)]
  ignore line: [	compiled by GNU C version 12.5.0  GMP version 6.3.0  MPFR version 4.2.2  MPC version 1.4.1  isl version none]
  ignore line: [GGC heuristics: --param ggc-min-expand=100 --param ggc-min-heapsize=131072]
  ignore line: [ignoring nonexistent directory "/usr/local/include/x86_64-linux-gnu"]
  ignore line: [ignoring nonexistent directory "/opt/software/spack/linux-x86_64_v4/gcc-12.5.0-dk35dndrqz43ry7f5raaie5d7vnk6btb/lib/gcc/x86_64-pc-linux-gnu/12.5.0/../../../../x86_64-pc-linux-gnu/include"]
  ignore line: [#include "..." search starts here:]
  ignore line: [#include <...> search starts here:]
  ignore line: [ /opt/software/spack/linux-x86_64_v4/gcc-12.5.0-dk35dndrqz43ry7f5raaie5d7vnk6btb/lib/gcc/x86_64-pc-linux-gnu/12.5.0/../../../../include/c++/12.5.0]
  ignore line: [ /opt/software/spack/linux-x86_64_v4/gcc-12.5.0-dk35dndrqz43ry7f5raaie5d7vnk6btb/lib/gcc/x86_64-pc-linux-gnu/12.5.0/../../../../include/c++/12.5.0/x86_64-pc-linux-gnu]
  ignore line: [ /opt/software/spack/linux-x86_64_v4/gcc-12.5.0-dk35dndrqz43ry7f5raaie5d7vnk6btb/lib/gcc/x86_64-pc-linux-gnu/12.5.0/../../../../include/c++/12.5.0/backward]
  ignore line: [ /opt/software/spack/linux-x86_64_v4/gcc-12.5.0-dk35dndrqz43ry7f5raaie5d7vnk6btb/lib/gcc/x86_64-pc-linux-gnu/12.5.0/include]
  ignore line: [ /usr/local/include]
  ignore line: [ /opt/software/spack/linux-x86_64_v4/gcc-12.5.0-dk35dndrqz43ry7f5raaie5d7vnk6btb/include]
  ignore line: [ /opt/software/spack/linux-x86_64_v4/gcc-12.5.0-dk35dndrqz43ry7f5raaie5d7vnk6btb/lib/gcc/x86_64-pc-linux-gnu/12.5.0/include-fixed]
  ignore line: [ /usr/include/x86_64-linux-gnu]
  ignore line: [ /usr/include]
  ignore line: [End of search list.]
  ignore line: [GNU C++17 (Spack GCC) version 12.5.0 (x86_64-pc-linux-gnu)]
  ignore line: [	compiled by GNU C version 12.5.0  GMP version 6.3.0  MPFR version 4.2.2  MPC version 1.4.1  isl version none]
  ignore line: [GGC heuristics: --param ggc-min-expand=100 --param ggc-min-heapsize=131072]
  ignore line: [Compiler executable checksum: 47c0ecc731ed7cd448ef563acb450a12]
  ignore line: [COLLECT_GCC_OPTIONS='-v' '-o' 'CMakeFiles/cmTC_c95f6.dir/CMakeCXXCompilerABI.cpp.o' '-c' '-shared-libgcc' '-mtune=generic' '-march=x86-64' '-B' '/opt/software/spack/linux-x86_64_v4/binutils-2.46.1-z2pz32aywqadwj4swhh4sz6tudisvntl/bin' '-dumpdir' 'CMakeFiles/cmTC_c95f6.dir/']
  ignore line: [ /opt/software/spack/linux-x86_64_v4/binutils-2.46.1-z2pz32aywqadwj4swhh4sz6tudisvntl/bin/as -v --64 -o CMakeFiles/cmTC_c95f6.dir/CMakeCXXCompilerABI.cpp.o /tmp/ccTxhOeS.s]
  ignore line: [GNU assembler version 2.46.1 (x86_64-pc-linux-gnu) using BFD version (GNU Binutils) 2.46.1]
  ignore line: [COMPILER_PATH=/opt/software/spack/linux-x86_64_v4/binutils-2.46.1-z2pz32aywqadwj4swhh4sz6tudisvntl/bin/:/opt/software/spack/linux-x86_64_v4/gcc-12.5.0-dk35dndrqz43ry7f5raaie5d7vnk6btb/libexec/gcc/x86_64-pc-linux-gnu/12.5.0/:/opt/software/spack/linux-x86_64_v4/gcc-12.5.0-dk35dndrqz43ry7f5raaie5d7vnk6btb/libexec/gcc/x86_64-pc-linux-gnu/12.5.0/:/opt/software/spack/linux-x86_64_v4/gcc-12.5.0-dk35dndrqz43ry7f5raaie5d7vnk6btb/libexec/gcc/x86_64-pc-linux-gnu/:/opt/software/spack/linux-x86_64_v4/gcc-12.5.0-dk35dndrqz43ry7f5raaie5d7vnk6btb/lib/gcc/x86_64-pc-linux-gnu/12.5.0/:/opt/software/spack/linux-x86_64_v4/gcc-12.5.0-dk35dndrqz43ry7f5raaie5d7vnk6btb/lib/gcc/x86_64-pc-linux-gnu/]
  ignore line: [LIBRARY_PATH=/opt/software/spack/linux-x86_64_v4/binutils-2.46.1-z2pz32aywqadwj4swhh4sz6tudisvntl/bin/:/opt/software/spack/linux-x86_64_v4/gcc-12.5.0-dk35dndrqz43ry7f5raaie5d7vnk6btb/lib/gcc/x86_64-pc-linux-gnu/12.5.0/:/opt/software/spack/linux-x86_64_v4/gcc-12.5.0-dk35dndrqz43ry7f5raaie5d7vnk6btb/lib/gcc/x86_64-pc-linux-gnu/12.5.0/../../../../lib64/:/lib/x86_64-linux-gnu/:/lib/../lib64/:/usr/lib/x86_64-linux-gnu/:/usr/lib/../lib64/:/opt/software/spack/linux-x86_64_v4/gcc-12.5.0-dk35dndrqz43ry7f5raaie5d7vnk6btb/lib/gcc/x86_64-pc-linux-gnu/12.5.0/../../../:/lib/:/usr/lib/]
  ignore line: [COLLECT_GCC_OPTIONS='-v' '-o' 'CMakeFiles/cmTC_c95f6.dir/CMakeCXXCompilerABI.cpp.o' '-c' '-shared-libgcc' '-mtune=generic' '-march=x86-64' '-B' '/opt/software/spack/linux-x86_64_v4/binutils-2.46.1-z2pz32aywqadwj4swhh4sz6tudisvntl/bin' '-dumpdir' 'CMakeFiles/cmTC_c95f6.dir/CMakeCXXCompilerABI.cpp.']
  ignore line: [Linking CXX executable cmTC_c95f6]
  ignore line: [/usr/bin/cmake -E cmake_link_script CMakeFiles/cmTC_c95f6.dir/link.txt --verbose=1]
  ignore line: [/opt/software/spack/linux-x86_64_v4/gcc-12.5.0-dk35dndrqz43ry7f5raaie5d7vnk6btb/bin/g++      -v CMakeFiles/cmTC_c95f6.dir/CMakeCXXCompilerABI.cpp.o  -o cmTC_c95f6 ]
  ignore line: [Reading specs from /opt/software/spack/linux-x86_64_v4/gcc-12.5.0-dk35dndrqz43ry7f5raaie5d7vnk6btb/lib/gcc/x86_64-pc-linux-gnu/12.5.0/specs]
  ignore line: [COLLECT_GCC=/opt/software/spack/linux-x86_64_v4/gcc-12.5.0-dk35dndrqz43ry7f5raaie5d7vnk6btb/bin/g++]
  ignore line: [COLLECT_LTO_WRAPPER=/opt/software/spack/linux-x86_64_v4/gcc-12.5.0-dk35dndrqz43ry7f5raaie5d7vnk6btb/libexec/gcc/x86_64-pc-linux-gnu/12.5.0/lto-wrapper]
  ignore line: [Target: x86_64-pc-linux-gnu]
  ignore line: [Configured with: /var/cache/spack/stage/spack-stage-gcc-12.5.0-dk35dndrqz43ry7f5raaie5d7vnk6btb/spack-src/configure --prefix=/opt/software/spack/linux-x86_64_v4/gcc-12.5.0-dk35dndrqz43ry7f5raaie5d7vnk6btb --with-pkgversion='Spack GCC' --with-bugurl=https://github.com/spack/spack/issues --disable-multilib --enable-languages=c c++ fortran --disable-nls --disable-canonical-system-headers --with-system-zlib --with-zstd-include=/opt/software/spack/linux-x86_64_v4/zstd-1.5.7-uahfphjda3kzph6rnz2da2o2wp7tt65n/include --with-zstd-lib=/opt/software/spack/linux-x86_64_v4/zstd-1.5.7-uahfphjda3kzph6rnz2da2o2wp7tt65n/lib --enable-bootstrap --enable-libsanitizer --with-mpfr-include=/opt/software/spack/linux-x86_64_v4/mpfr-4.2.2-mw3egnf5uiwmzxk4acwqfwgkm3o6azhn/include --with-mpfr-lib=/opt/software/spack/linux-x86_64_v4/mpfr-4.2.2-mw3egnf5uiwmzxk4acwqfwgkm3o6azhn/lib --with-gmp-include=/opt/software/spack/linux-x86_64_v4/gmp-6.3.0-osndzqfdgs7km4wvdq4vyvab763vpx3s/include --with-gmp-lib=/opt/software/spack/linux-x86_64_v4/gmp-6.3.0-osndzqfdgs7km4wvdq4vyvab763vpx3s/lib --with-mpc-include=/opt/software/spack/linux-x86_64_v4/mpc-1.4.1-j76envoqumdhhvhzmqjydwzud4cduau2/include --with-mpc-lib=/opt/software/spack/linux-x86_64_v4/mpc-1.4.1-j76envoqumdhhvhzmqjydwzud4cduau2/lib --without-isl --with-stage1-ldflags='-Wl -rpath /opt/software/spack/linux-x86_64_v4/gcc-12.5.0-dk35dndrqz43ry7f5raaie5d7vnk6btb/lib -Wl -rpath /opt/software/spack/linux-x86_64_v4/gcc-12.5.0-dk35dndrqz43ry7f5raaie5d7vnk6btb/lib64 -Wl -rpath /opt/software/spack/linux-x86_64_v4/binutils-2.46.1-z2pz32aywqadwj4swhh4sz6tudisvntl/lib -Wl -rpath /opt/software/spack/linux-x86_64_v4/gcc-runtime-9.4.0-yysqboyplcsesgkldhkp4snwcjxtwfvy/lib -Wl -rpath /usr/lib -Wl -rpath /opt/software/spack/linux-x86_64_v4/gmp-6.3.0-osndzqfdgs7km4wvdq4vyvab763vpx3s/lib -Wl -rpath /opt/software/spack/linux-x86_64_v4/mpc-1.4.1-j76envoqumdhhvhzmqjydwzud4cduau2/lib -Wl -rpath /opt/software/spack/linux-x86_64_v4/mpfr-4.2.2-mw3egnf5uiwmzxk4acwqfwgkm3o6azhn/lib -Wl -rpath /opt/software/spack/linux-x86_64_v4/zlib-ng-2.3.3-jyh45gkahyi6cnaqhhro7yah2aidtalo/lib -Wl -rpath /opt/software/spack/linux-x86_64_v4/zstd-1.5.7-uahfphjda3kzph6rnz2da2o2wp7tt65n/lib -Wl -rpath /usr/lib64' --with-boot-ldflags='-Wl -rpath /opt/software/spack/linux-x86_64_v4/gcc-12.5.0-dk35dndrqz43ry7f5raaie5d7vnk6btb/lib -Wl -rpath /opt/software/spack/linux-x86_64_v4/gcc-12.5.0-dk35dndrqz43ry7f5raaie5d7vnk6btb/lib64 -Wl -rpath /opt/software/spack/linux-x86_64_v4/binutils-2.46.1-z2pz32aywqadwj4swhh4sz6tudisvntl/lib -Wl -rpath /opt/software/spack/linux-x86_64_v4/gcc-runtime-9.4.0-yysqboyplcsesgkldhkp4snwcjxtwfvy/lib -Wl -rpath /usr/lib -Wl -rpath /opt/software/spack/linux-x86_64_v4/gmp-6.3.0-osndzqfdgs7km4wvdq4vyvab763vpx3s/lib -Wl -rpath /opt/software/spack/linux-x86_64_v4/mpc-1.4.1-j76envoqumdhhvhzmqjydwzud4cduau2/lib -Wl -rpath /opt/software/spack/linux-x86_64_v4/mpfr-4.2.2-mw3egnf5uiwmzxk4acwqfwgkm3o6azhn/lib -Wl -rpath /opt/software/spack/linux-x86_64_v4/zlib-ng-2.3.3-jyh45gkahyi6cnaqhhro7yah2aidtalo/lib -Wl -rpath /opt/software/spack/linux-x86_64_v4/zstd-1.5.7-uahfphjda3kzph6rnz2da2o2wp7tt65n/lib -Wl -rpath /usr/lib64 -static-libstdc++ -static-libgcc' --with-build-config=spack]
  ignore line: [Thread model: posix]
  ignore line: [Supported LTO compression algorithms: zlib zstd]
  ignore line: [gcc version 12.5.0 (Spack GCC) ]
  ignore line: [COMPILER_PATH=/opt/software/spack/linux-x86_64_v4/binutils-2.46.1-z2pz32aywqadwj4swhh4sz6tudisvntl/bin/:/opt/software/spack/linux-x86_64_v4/gcc-12.5.0-dk35dndrqz43ry7f5raaie5d7vnk6btb/libexec/gcc/x86_64-pc-linux-gnu/12.5.0/:/opt/software/spack/linux-x86_64_v4/gcc-12.5.0-dk35dndrqz43ry7f5raaie5d7vnk6btb/libexec/gcc/x86_64-pc-linux-gnu/12.5.0/:/opt/software/spack/linux-x86_64_v4/gcc-12.5.0-dk35dndrqz43ry7f5raaie5d7vnk6btb/libexec/gcc/x86_64-pc-linux-gnu/:/opt/software/spack/linux-x86_64_v4/gcc-12.5.0-dk35dndrqz43ry7f5raaie5d7vnk6btb/lib/gcc/x86_64-pc-linux-gnu/12.5.0/:/opt/software/spack/linux-x86_64_v4/gcc-12.5.0-dk35dndrqz43ry7f5raaie5d7vnk6btb/lib/gcc/x86_64-pc-linux-gnu/]
  ignore line: [LIBRARY_PATH=/opt/software/spack/linux-x86_64_v4/binutils-2.46.1-z2pz32aywqadwj4swhh4sz6tudisvntl/bin/:/opt/software/spack/linux-x86_64_v4/gcc-12.5.0-dk35dndrqz43ry7f5raaie5d7vnk6btb/lib/gcc/x86_64-pc-linux-gnu/12.5.0/:/opt/software/spack/linux-x86_64_v4/gcc-12.5.0-dk35dndrqz43ry7f5raaie5d7vnk6btb/lib/gcc/x86_64-pc-linux-gnu/12.5.0/../../../../lib64/:/lib/x86_64-linux-gnu/:/lib/../lib64/:/usr/lib/x86_64-linux-gnu/:/usr/lib/../lib64/:/opt/software/spack/linux-x86_64_v4/gcc-12.5.0-dk35dndrqz43ry7f5raaie5d7vnk6btb/lib/gcc/x86_64-pc-linux-gnu/12.5.0/../../../:/lib/:/usr/lib/]
  ignore line: [COLLECT_GCC_OPTIONS='-v' '-o' 'cmTC_c95f6' '-shared-libgcc' '-mtune=generic' '-march=x86-64' '-B' '/opt/software/spack/linux-x86_64_v4/binutils-2.46.1-z2pz32aywqadwj4swhh4sz6tudisvntl/bin' '-dumpdir' 'cmTC_c95f6.']
  link line: [ /opt/software/spack/linux-x86_64_v4/gcc-12.5.0-dk35dndrqz43ry7f5raaie5d7vnk6btb/libexec/gcc/x86_64-pc-linux-gnu/12.5.0/collect2 -plugin /opt/software/spack/linux-x86_64_v4/gcc-12.5.0-dk35dndrqz43ry7f5raaie5d7vnk6btb/libexec/gcc/x86_64-pc-linux-gnu/12.5.0/liblto_plugin.so -plugin-opt=/opt/software/spack/linux-x86_64_v4/gcc-12.5.0-dk35dndrqz43ry7f5raaie5d7vnk6btb/libexec/gcc/x86_64-pc-linux-gnu/12.5.0/lto-wrapper -plugin-opt=-fresolution=/tmp/ccDCca0n.res -plugin-opt=-pass-through=-lgcc_s -plugin-opt=-pass-through=-lgcc -plugin-opt=-pass-through=-lc -plugin-opt=-pass-through=-lgcc_s -plugin-opt=-pass-through=-lgcc --eh-frame-hdr -m elf_x86_64 -dynamic-linker /lib64/ld-linux-x86-64.so.2 -o cmTC_c95f6 /lib/x86_64-linux-gnu/crt1.o /lib/x86_64-linux-gnu/crti.o /opt/software/spack/linux-x86_64_v4/gcc-12.5.0-dk35dndrqz43ry7f5raaie5d7vnk6btb/lib/gcc/x86_64-pc-linux-gnu/12.5.0/crtbegin.o -L/opt/software/spack/linux-x86_64_v4/binutils-2.46.1-z2pz32aywqadwj4swhh4sz6tudisvntl/bin -L/opt/software/spack/linux-x86_64_v4/gcc-12.5.0-dk35dndrqz43ry7f5raaie5d7vnk6btb/lib/gcc/x86_64-pc-linux-gnu/12.5.0 -L/opt/software/spack/linux-x86_64_v4/gcc-12.5.0-dk35dndrqz43ry7f5raaie5d7vnk6btb/lib/gcc/x86_64-pc-linux-gnu/12.5.0/../../../../lib64 -L/lib/x86_64-linux-gnu -L/lib/../lib64 -L/usr/lib/x86_64-linux-gnu -L/usr/lib/../lib64 -L/opt/software/spack/linux-x86_64_v4/gcc-12.5.0-dk35dndrqz43ry7f5raaie5d7vnk6btb/lib/gcc/x86_64-pc-linux-gnu/12.5.0/../../.. -rpath /opt/software/spack/linux-x86_64_v4/gcc-12.5.0-dk35dndrqz43ry7f5raaie5d7vnk6btb/lib64 CMakeFiles/cmTC_c95f6.dir/CMakeCXXCompilerABI.cpp.o -lstdc++ -lm -lgcc_s -lgcc -lc -lgcc_s -lgcc /opt/software/spack/linux-x86_64_v4/gcc-12.5.0-dk35dndrqz43ry7f5raaie5d7vnk6btb/lib/gcc/x86_64-pc-linux-gnu/12.5.0/crtend.o /lib/x86_64-linux-gnu/crtn.o]
    arg [/opt/software/spack/linux-x86_64_v4/gcc-12.5.0-dk35dndrqz43ry7f5raaie5d7vnk6btb/libexec/gcc/x86_64-pc-linux-gnu/12.5.0/collect2] ==> ignore
    arg [-plugin] ==> ignore
    arg [/opt/software/spack/linux-x86_64_v4/gcc-12.5.0-dk35dndrqz43ry7f5raaie5d7vnk6btb/libexec/gcc/x86_64-pc-linux-gnu/12.5.0/liblto_plugin.so] ==> ignore
    arg [-plugin-opt=/opt/software/spack/linux-x86_64_v4/gcc-12.5.0-dk35dndrqz43ry7f5raaie5d7vnk6btb/libexec/gcc/x86_64-pc-linux-gnu/12.5.0/lto-wrapper] ==> ignore
    arg [-plugin-opt=-fresolution=/tmp/ccDCca0n.res] ==> ignore
    arg [-plugin-opt=-pass-through=-lgcc_s] ==> ignore
    arg [-plugin-opt=-pass-through=-lgcc] ==> ignore
    arg [-plugin-opt=-pass-through=-lc] ==> ignore
    arg [-plugin-opt=-pass-through=-lgcc_s] ==> ignore
    arg [-plugin-opt=-pass-through=-lgcc] ==> ignore
    arg [--eh-frame-hdr] ==> ignore
    arg [-m] ==> ignore
    arg [elf_x86_64] ==> ignore
    arg [-dynamic-linker] ==> ignore
    arg [/lib64/ld-linux-x86-64.so.2] ==> ignore
    arg [-o] ==> ignore
    arg [cmTC_c95f6] ==> ignore
    arg [/lib/x86_64-linux-gnu/crt1.o] ==> ignore
    arg [/lib/x86_64-linux-gnu/crti.o] ==> ignore
    arg [/opt/software/spack/linux-x86_64_v4/gcc-12.5.0-dk35dndrqz43ry7f5raaie5d7vnk6btb/lib/gcc/x86_64-pc-linux-gnu/12.5.0/crtbegin.o] ==> ignore
    arg [-L/opt/software/spack/linux-x86_64_v4/binutils-2.46.1-z2pz32aywqadwj4swhh4sz6tudisvntl/bin] ==> dir [/opt/software/spack/linux-x86_64_v4/binutils-2.46.1-z2pz32aywqadwj4swhh4sz6tudisvntl/bin]
    arg [-L/opt/software/spack/linux-x86_64_v4/gcc-12.5.0-dk35dndrqz43ry7f5raaie5d7vnk6btb/lib/gcc/x86_64-pc-linux-gnu/12.5.0] ==> dir [/opt/software/spack/linux-x86_64_v4/gcc-12.5.0-dk35dndrqz43ry7f5raaie5d7vnk6btb/lib/gcc/x86_64-pc-linux-gnu/12.5.0]
    arg [-L/opt/software/spack/linux-x86_64_v4/gcc-12.5.0-dk35dndrqz43ry7f5raaie5d7vnk6btb/lib/gcc/x86_64-pc-linux-gnu/12.5.0/../../../../lib64] ==> dir [/opt/software/spack/linux-x86_64_v4/gcc-12.5.0-dk35dndrqz43ry7f5raaie5d7vnk6btb/lib/gcc/x86_64-pc-linux-gnu/12.5.0/../../../../lib64]
    arg [-L/lib/x86_64-linux-gnu] ==> dir [/lib/x86_64-linux-gnu]
    arg [-L/lib/../lib64] ==> dir [/lib/../lib64]
    arg [-L/usr/lib/x86_64-linux-gnu] ==> dir [/usr/lib/x86_64-linux-gnu]
    arg [-L/usr/lib/../lib64] ==> dir [/usr/lib/../lib64]
    arg [-L/opt/software/spack/linux-x86_64_v4/gcc-12.5.0-dk35dndrqz43ry7f5raaie5d7vnk6btb/lib/gcc/x86_64-pc-linux-gnu/12.5.0/../../..] ==> dir [/opt/software/spack/linux-x86_64_v4/gcc-12.5.0-dk35dndrqz43ry7f5raaie5d7vnk6btb/lib/gcc/x86_64-pc-linux-gnu/12.5.0/../../..]
    arg [-rpath] ==> ignore
    arg [/opt/software/spack/linux-x86_64_v4/gcc-12.5.0-dk35dndrqz43ry7f5raaie5d7vnk6btb/lib64] ==> ignore
    arg [CMakeFiles/cmTC_c95f6.dir/CMakeCXXCompilerABI.cpp.o] ==> ignore
    arg [-lstdc++] ==> lib [stdc++]
    arg [-lm] ==> lib [m]
    arg [-lgcc_s] ==> lib [gcc_s]
    arg [-lgcc] ==> lib [gcc]
    arg [-lc] ==> lib [c]
    arg [-lgcc_s] ==> lib [gcc_s]
    arg [-lgcc] ==> lib [gcc]
    arg [/opt/software/spack/linux-x86_64_v4/gcc-12.5.0-dk35dndrqz43ry7f5raaie5d7vnk6btb/lib/gcc/x86_64-pc-linux-gnu/12.5.0/crtend.o] ==> ignore
    arg [/lib/x86_64-linux-gnu/crtn.o] ==> ignore
  collapse library dir [/opt/software/spack/linux-x86_64_v4/binutils-2.46.1-z2pz32aywqadwj4swhh4sz6tudisvntl/bin] ==> [/opt/software/spack/linux-x86_64_v4/binutils-2.46.1-z2pz32aywqadwj4swhh4sz6tudisvntl/bin]
  collapse library dir [/opt/software/spack/linux-x86_64_v4/gcc-12.5.0-dk35dndrqz43ry7f5raaie5d7vnk6btb/lib/gcc/x86_64-pc-linux-gnu/12.5.0] ==> [/opt/software/spack/linux-x86_64_v4/gcc-12.5.0-dk35dndrqz43ry7f5raaie5d7vnk6btb/lib/gcc/x86_64-pc-linux-gnu/12.5.0]
  collapse library dir [/opt/software/spack/linux-x86_64_v4/gcc-12.5.0-dk35dndrqz43ry7f5raaie5d7vnk6btb/lib/gcc/x86_64-pc-linux-gnu/12.5.0/../../../../lib64] ==> [/opt/software/spack/linux-x86_64_v4/gcc-12.5.0-dk35dndrqz43ry7f5raaie5d7vnk6btb/lib64]
  collapse library dir [/lib/x86_64-linux-gnu] ==> [/lib/x86_64-linux-gnu]
  collapse library dir [/lib/../lib64] ==> [/lib64]
  collapse library dir [/usr/lib/x86_64-linux-gnu] ==> [/usr/lib/x86_64-linux-gnu]
  collapse library dir [/usr/lib/../lib64] ==> [/usr/lib64]
  collapse library dir [/opt/software/spack/linux-x86_64_v4/gcc-12.5.0-dk35dndrqz43ry7f5raaie5d7vnk6btb/lib/gcc/x86_64-pc-linux-gnu/12.5.0/../../..] ==> [/opt/software/spack/linux-x86_64_v4/gcc-12.5.0-dk35dndrqz43ry7f5raaie5d7vnk6btb/lib]
  implicit libs: [stdc++;m;gcc_s;gcc;c;gcc_s;gcc]
  implicit dirs: [/opt/software/spack/linux-x86_64_v4/binutils-2.46.1-z2pz32aywqadwj4swhh4sz6tudisvntl/bin;/opt/software/spack/linux-x86_64_v4/gcc-12.5.0-dk35dndrqz43ry7f5raaie5d7vnk6btb/lib/gcc/x86_64-pc-linux-gnu/12.5.0;/opt/software/spack/linux-x86_64_v4/gcc-12.5.0-dk35dndrqz43ry7f5raaie5d7vnk6btb/lib64;/lib/x86_64-linux-gnu;/lib64;/usr/lib/x86_64-linux-gnu;/usr/lib64;/opt/software/spack/linux-x86_64_v4/gcc-12.5.0-dk35dndrqz43ry7f5raaie5d7vnk6btb/lib]
  implicit fwks: []


Determining if the include file pthread.h exists passed with the following output:
Change Dir: /home/pknauss/sim/build/CMakeFiles/CMakeTmp

Run Build Command(s):/usr/bin/make cmTC_a8f04/fast && /usr/bin/make -f CMakeFiles/cmTC_a8f04.dir/build.make CMakeFiles/cmTC_a8f04.dir/build
make[1]: Entering directory '/home/pknauss/sim/build/CMakeFiles/CMakeTmp'
Building C object CMakeFiles/cmTC_a8f04.dir/CheckIncludeFile.c.o
/opt/software/spack/linux-x86_64_v4/gcc-12.5.0-dk35dndrqz43ry7f5raaie5d7vnk6btb/bin/gcc    -o CMakeFiles/cmTC_a8f04.dir/CheckIncludeFile.c.o   -c /home/pknauss/sim/build/CMakeFiles/CMakeTmp/CheckIncludeFile.c
Linking C executable cmTC_a8f04
/usr/bin/cmake -E cmake_link_script CMakeFiles/cmTC_a8f04.dir/link.txt --verbose=1
/opt/software/spack/linux-x86_64_v4/gcc-12.5.0-dk35dndrqz43ry7f5raaie5d7vnk6btb/bin/gcc      CMakeFiles/cmTC_a8f04.dir/CheckIncludeFile.c.o  -o cmTC_a8f04 
make[1]: Leaving directory '/home/pknauss/sim/build/CMakeFiles/CMakeTmp'



